Archive member included to satisfy reference by file (symbol)

/usr/lib/gcc/arm-none-eabi/13.2.1/thumb/v6-m/nofp/libgcc.a(_thumb1_case_sqi.o)
                              objdir-CW308_STM32F0/stm32f0_hal_lowlevel.o (__gnu_thumb1_case_sqi)
/usr/lib/gcc/arm-none-eabi/13.2.1/thumb/v6-m/nofp/libgcc.a(_udivsi3.o)
                              objdir-CW308_STM32F0/stm32f0_hal_lowlevel.o (__aeabi_uidiv)
/usr/lib/gcc/arm-none-eabi/13.2.1/thumb/v6-m/nofp/libgcc.a(_dvmd_tls.o)
                              /usr/lib/gcc/arm-none-eabi/13.2.1/thumb/v6-m/nofp/libgcc.a(_udivsi3.o) (__aeabi_idiv0)
/usr/lib/gcc/arm-none-eabi/13.2.1/../../../arm-none-eabi/lib/thumb/v6-m/nofp/libg_nano.a(libc_a-init.o)
                              /usr/lib/gcc/arm-none-eabi/13.2.1/../../../arm-none-eabi/lib/thumb/v6-m/nofp/crt0.o (__libc_init_array)
/usr/lib/gcc/arm-none-eabi/13.2.1/../../../arm-none-eabi/lib/thumb/v6-m/nofp/libg_nano.a(libc_a-memset.o)
                              /usr/lib/gcc/arm-none-eabi/13.2.1/../../../arm-none-eabi/lib/thumb/v6-m/nofp/crt0.o (memset)
/usr/lib/gcc/arm-none-eabi/13.2.1/../../../arm-none-eabi/lib/thumb/v6-m/nofp/libg_nano.a(libc_a-exit.o)
                              /usr/lib/gcc/arm-none-eabi/13.2.1/../../../arm-none-eabi/lib/thumb/v6-m/nofp/crt0.o (exit)
/usr/lib/gcc/arm-none-eabi/13.2.1/../../../arm-none-eabi/lib/thumb/v6-m/nofp/libg_nano.a(libc_a-atexit.o)
                              /usr/lib/gcc/arm-none-eabi/13.2.1/../../../arm-none-eabi/lib/thumb/v6-m/nofp/crt0.o (atexit)
/usr/lib/gcc/arm-none-eabi/13.2.1/../../../arm-none-eabi/lib/thumb/v6-m/nofp/libg_nano.a(libc_a-memcpy-stub.o)
                              objdir-CW308_STM32F0/simpleserial-aes.o (memcpy)
/usr/lib/gcc/arm-none-eabi/13.2.1/../../../arm-none-eabi/lib/thumb/v6-m/nofp/libg_nano.a(libc_a-fini.o)
                              /usr/lib/gcc/arm-none-eabi/13.2.1/../../../arm-none-eabi/lib/thumb/v6-m/nofp/crt0.o (__libc_fini_array)
/usr/lib/gcc/arm-none-eabi/13.2.1/../../../arm-none-eabi/lib/thumb/v6-m/nofp/libg_nano.a(libc_a-findfp.o)
                              /usr/lib/gcc/arm-none-eabi/13.2.1/../../../arm-none-eabi/lib/thumb/v6-m/nofp/libg_nano.a(libc_a-exit.o) (__stdio_exit_handler)
/usr/lib/gcc/arm-none-eabi/13.2.1/../../../arm-none-eabi/lib/thumb/v6-m/nofp/libg_nano.a(libc_a-fflush.o)
                              /usr/lib/gcc/arm-none-eabi/13.2.1/../../../arm-none-eabi/lib/thumb/v6-m/nofp/libg_nano.a(libc_a-findfp.o) (_fflush_r)
/usr/lib/gcc/arm-none-eabi/13.2.1/../../../arm-none-eabi/lib/thumb/v6-m/nofp/libg_nano.a(libc_a-mallocr.o)
                              /usr/lib/gcc/arm-none-eabi/13.2.1/../../../arm-none-eabi/lib/thumb/v6-m/nofp/libg_nano.a(libc_a-findfp.o) (_malloc_r)
/usr/lib/gcc/arm-none-eabi/13.2.1/../../../arm-none-eabi/lib/thumb/v6-m/nofp/libg_nano.a(libc_a-freer.o)
                              /usr/lib/gcc/arm-none-eabi/13.2.1/../../../arm-none-eabi/lib/thumb/v6-m/nofp/libg_nano.a(libc_a-fflush.o) (_free_r)
/usr/lib/gcc/arm-none-eabi/13.2.1/../../../arm-none-eabi/lib/thumb/v6-m/nofp/libg_nano.a(libc_a-fwalk.o)
                              /usr/lib/gcc/arm-none-eabi/13.2.1/../../../arm-none-eabi/lib/thumb/v6-m/nofp/libg_nano.a(libc_a-findfp.o) (_fwalk_sglue)
/usr/lib/gcc/arm-none-eabi/13.2.1/../../../arm-none-eabi/lib/thumb/v6-m/nofp/libg_nano.a(libc_a-__atexit.o)
                              /usr/lib/gcc/arm-none-eabi/13.2.1/../../../arm-none-eabi/lib/thumb/v6-m/nofp/libg_nano.a(libc_a-atexit.o) (__register_exitproc)
/usr/lib/gcc/arm-none-eabi/13.2.1/../../../arm-none-eabi/lib/thumb/v6-m/nofp/libg_nano.a(libc_a-mlock.o)
                              /usr/lib/gcc/arm-none-eabi/13.2.1/../../../arm-none-eabi/lib/thumb/v6-m/nofp/libg_nano.a(libc_a-mallocr.o) (__malloc_lock)
/usr/lib/gcc/arm-none-eabi/13.2.1/../../../arm-none-eabi/lib/thumb/v6-m/nofp/libg_nano.a(libc_a-sbrkr.o)
                              /usr/lib/gcc/arm-none-eabi/13.2.1/../../../arm-none-eabi/lib/thumb/v6-m/nofp/libg_nano.a(libc_a-mallocr.o) (_sbrk_r)
/usr/lib/gcc/arm-none-eabi/13.2.1/../../../arm-none-eabi/lib/thumb/v6-m/nofp/libg_nano.a(libc_a-stdio.o)
                              /usr/lib/gcc/arm-none-eabi/13.2.1/../../../arm-none-eabi/lib/thumb/v6-m/nofp/libg_nano.a(libc_a-findfp.o) (__sread)
/usr/lib/gcc/arm-none-eabi/13.2.1/../../../arm-none-eabi/lib/thumb/v6-m/nofp/libg_nano.a(libc_a-impure.o)
                              /usr/lib/gcc/arm-none-eabi/13.2.1/../../../arm-none-eabi/lib/thumb/v6-m/nofp/libg_nano.a(libc_a-fflush.o) (_impure_ptr)
/usr/lib/gcc/arm-none-eabi/13.2.1/../../../arm-none-eabi/lib/thumb/v6-m/nofp/libg_nano.a(libc_a-closer.o)
                              /usr/lib/gcc/arm-none-eabi/13.2.1/../../../arm-none-eabi/lib/thumb/v6-m/nofp/libg_nano.a(libc_a-stdio.o) (_close_r)
/usr/lib/gcc/arm-none-eabi/13.2.1/../../../arm-none-eabi/lib/thumb/v6-m/nofp/libg_nano.a(libc_a-__call_atexit.o)
[...]
Memory Configuration

Name             Origin             Length             Attributes
RAM              0x20000000         0x00002000         xrw
ROM              0x08000000         0x00004000         xr
*default*        0x00000000         0xffffffff

Linker script and memory map

LOAD /usr/lib/gcc/arm-none-eabi/13.2.1/thumb/v6-m/nofp/crti.o
LOAD /usr/lib/gcc/arm-none-eabi/13.2.1/thumb/v6-m/nofp/crtbegin.o
LOAD /usr/lib/gcc/arm-none-eabi/13.2.1/../../../arm-none-eabi/lib/thumb/v6-m/nofp/crt0.o
LOAD objdir-CW308_STM32F0/simpleserial-aes.o
LOAD objdir-CW308_STM32F0/simpleserial.o
LOAD objdir-CW308_STM32F0/hal.o
LOAD objdir-CW308_STM32F0/stm32f0_hal.o
LOAD objdir-CW308_STM32F0/stm32f0_hal_lowlevel.o
LOAD objdir-CW308_STM32F0/aes.o
LOAD objdir-CW308_STM32F0/aes-independant.o
LOAD objdir-CW308_STM32F0/stm32f0_startup.o
LOAD /usr/lib/gcc/arm-none-eabi/13.2.1/../../../arm-none-eabi/lib/thumb/v6-m/nofp/libm.a
LOAD /usr/lib/gcc/arm-none-eabi/13.2.1/../../../arm-none-eabi/lib/thumb/v6-m/nofp/libm.a
START GROUP
LOAD /usr/lib/gcc/arm-none-eabi/13.2.1/thumb/v6-m/nofp/libgcc.a
LOAD /usr/lib/gcc/arm-none-eabi/13.2.1/../../../arm-none-eabi/lib/thumb/v6-m/nofp/libg_nano.a
LOAD /usr/lib/gcc/arm-none-eabi/13.2.1/../../../arm-none-eabi/lib/thumb/v6-m/nofp/libc_nano.a
END GROUP
START GROUP
LOAD /usr/lib/gcc/arm-none-eabi/13.2.1/thumb/v6-m/nofp/libgcc.a
LOAD /usr/lib/gcc/arm-none-eabi/13.2.1/../../../arm-none-eabi/lib/thumb/v6-m/nofp/libc_nano.a
LOAD /usr/lib/gcc/arm-none-eabi/13.2.1/../../../arm-none-eabi/lib/thumb/v6-m/nofp/libnosys.a
END GROUP
START GROUP
LOAD /usr/lib/gcc/arm-none-eabi/13.2.1/thumb/v6-m/nofp/libgcc.a
LOAD /usr/lib/gcc/arm-none-eabi/13.2.1/../../../arm-none-eabi/lib/thumb/v6-m/nofp/libc_nano.a
LOAD /usr/lib/gcc/arm-none-eabi/13.2.1/../../../arm-none-eabi/lib/thumb/v6-m/nofp/libnosys.a
END GROUP
LOAD /usr/lib/gcc/arm-none-eabi/13.2.1/thumb/v6-m/nofp/crtend.o
LOAD /usr/lib/gcc/arm-none-eabi/13.2.1/thumb/v6-m/nofp/crtn.o
                0x20002000                        _estack = 0x20002000
                0x00000000                        _Min_Heap_Size = 0x0
                0x00000400                        _Min_Stack_Size = 0x400

.isr_vector     0x08000000      0x188
                0x08000000                        . = ALIGN (0x4)
 *(.isr_vector)
 .isr_vector    0x08000000      0x188 objdir-CW308_STM32F0/stm32f0_startup.o
                0x08000000                g_pfnVectors
                0x08000188                        . = ALIGN (0x4)

.text           0x08000188     0x1660
                0x08000188                        . = ALIGN (0x4)
 *(.text)
 .text          0x08000188       0x98 /usr/lib/gcc/arm-none-eabi/13.2.1/thumb/v6-m/nofp/crtbegin.o
 .text          0x08000220       0x14 /usr/lib/gcc/arm-none-eabi/13.2.1/thumb/v6-m/nofp/libgcc.a(_thumb1_case_sqi.o)
                0x08000220                __gnu_thumb1_case_sqi
 .text          0x08000234      0x114 /usr/lib/gcc/arm-none-eabi/13.2.1/thumb/v6-m/nofp/libgcc.a(_udivsi3.o)
                0x08000234                __udivsi3
                0x08000234                __aeabi_uidiv
                0x08000340                __aeabi_uidivmod
 .text          0x08000348        0x4 /usr/lib/gcc/arm-none-eabi/13.2.1/thumb/v6-m/nofp/libgcc.a(_dvmd_tls.o)
                0x08000348                __aeabi_ldiv0
                0x08000348                __aeabi_idiv0
 .text          0x0800034c       0x48 /usr/lib/gcc/arm-none-eabi/13.2.1/../../../arm-none-eabi/lib/thumb/v6-m/nofp/libg_nano.a(libc_a-init.o)
                0x0800034c                __libc_init_array
 .text          0x08000394       0x8c /usr/lib/gcc/arm-none-eabi/13.2.1/../../../arm-none-eabi/lib/thumb/v6-m/nofp/libg_nano.a(libc_a-memcpy-stub.o)
                0x08000394                memcpy
 *(.text*)
 .text.reset    0x08000420        0x4 objdir-CW308_STM32F0/simpleserial-aes.o
                0x08000420                reset
 .text.enc_multi_setnum
                0x08000424       0x18 objdir-CW308_STM32F0/simpleserial-aes.o
                0x08000424                enc_multi_setnum
 .text.get_mask
                0x0800043c        0xa objdir-CW308_STM32F0/simpleserial-aes.o
                0x0800043c                get_mask
 .text.get_key  0x08000446        0xa objdir-CW308_STM32F0/simpleserial-aes.o
                0x08000446                get_key
 .text.get_pt   0x08000450       0x2a objdir-CW308_STM32F0/simpleserial-aes.o
                0x08000450                get_pt
 *fill*         0x0800047a        0x2 
 .text.enc_multi_getpt
                0x0800047c       0x3c objdir-CW308_STM32F0/simpleserial-aes.o
                0x0800047c                enc_multi_getpt
 .text.startup.main
                0x080004b8       0xb8 objdir-CW308_STM32F0/simpleserial-aes.o
                0x080004b8                main
 .text.check_version
                0x08000570        0x4 objdir-CW308_STM32F0/simpleserial.o
                0x08000570                check_version
 .text.simpleserial_put.part.0
                0x08000574       0x38 objdir-CW308_STM32F0/simpleserial.o
 .text.ss_num_commands
                0x080005ac       0x1c objdir-CW308_STM32F0/simpleserial.o
                0x080005ac                ss_num_commands
 .text.ss_get_commands
                0x080005c8       0x50 objdir-CW308_STM32F0/simpleserial.o
                0x080005c8                ss_get_commands
 .text.hex_decode
                0x08000618       0x70 objdir-CW308_STM32F0/simpleserial.o
                0x08000618                hex_decode
 .text.simpleserial_addcmd_flags
                0x08000688       0x30 objdir-CW308_STM32F0/simpleserial.o
                0x08000688                simpleserial_addcmd_flags
 .text.simpleserial_addcmd
                0x080006b8        0xa objdir-CW308_STM32F0/simpleserial.o
                0x080006b8                simpleserial_addcmd
 *fill*         0x080006c2        0x2 
 .text.simpleserial_init
                0x080006c4       0x30 objdir-CW308_STM32F0/simpleserial.o
                0x080006c4                simpleserial_init
 .text.simpleserial_get
                0x080006f4       0xc0 objdir-CW308_STM32F0/simpleserial.o
                0x080006f4                simpleserial_get
 .text.simpleserial_put
                0x080007b4        0xc objdir-CW308_STM32F0/simpleserial.o
                0x080007b4                simpleserial_put
 .text.platform_init
                0x080007c0       0x30 objdir-CW308_STM32F0/stm32f0_hal.o
                0x080007c0                platform_init
 .text.init_uart
                0x080007f0       0x80 objdir-CW308_STM32F0/stm32f0_hal.o
                0x080007f0                init_uart
 .text.trigger_setup
                0x08000870       0x48 objdir-CW308_STM32F0/stm32f0_hal.o
                0x08000870                trigger_setup
 .text.trigger_high
                0x080008b8       0x12 objdir-CW308_STM32F0/stm32f0_hal.o
                0x080008b8                trigger_high
 .text.trigger_low
                0x080008ca       0x12 objdir-CW308_STM32F0/stm32f0_hal.o
                0x080008ca                trigger_low
 .text.getch    0x080008dc       0x30 objdir-CW308_STM32F0/stm32f0_hal.o
                0x080008dc                getch
 .text.putch    0x0800090c       0x1c objdir-CW308_STM32F0/stm32f0_hal.o
                0x0800090c                putch
 .text.delay_cycles
                0x08000928       0x16 objdir-CW308_STM32F0/stm32f0_hal.o
                0x08000928                delay_cycles
 *fill*         0x0800093e        0x2 
 .text.dac_init
                0x08000940       0x50 objdir-CW308_STM32F0/stm32f0_hal.o
                0x08000940                dac_init
 .text.set_dac  0x08000990       0x18 objdir-CW308_STM32F0/stm32f0_hal.o
                0x08000990                set_dac
 .text.HAL_GetTick
                0x080009a8       0x10 objdir-CW308_STM32F0/stm32f0_hal_lowlevel.o
                0x080009a8                HAL_GetTick
 .text.HAL_RCC_OscConfig
                0x080009b8      0x460 objdir-CW308_STM32F0/stm32f0_hal_lowlevel.o
                0x080009b8                HAL_RCC_OscConfig
 .text.HAL_RCC_ClockConfig
                0x08000e18      0x148 objdir-CW308_STM32F0/stm32f0_hal_lowlevel.o
                0x08000e18                HAL_RCC_ClockConfig
 .text.HAL_GPIO_Init
                0x08000f60      0x170 objdir-CW308_STM32F0/stm32f0_hal_lowlevel.o
                0x08000f60                HAL_GPIO_Init
 .text.HAL_GPIO_WritePin
                0x080010d0        0xc objdir-CW308_STM32F0/stm32f0_hal_lowlevel.o
                0x080010d0                HAL_GPIO_WritePin
 .text.UART_WaitOnFlagUntilTimeout
                0x080010dc       0x64 objdir-CW308_STM32F0/stm32f0_hal_lowlevel.o
                0x080010dc                UART_WaitOnFlagUntilTimeout
 .text.UART_CheckIdleState
                0x08001140       0x78 objdir-CW308_STM32F0/stm32f0_hal_lowlevel.o
                0x08001140                UART_CheckIdleState
 .text.UART_SetConfig
                0x080011b8      0x164 objdir-CW308_STM32F0/stm32f0_hal_lowlevel.o
                0x080011b8                UART_SetConfig
 .text.HAL_UART_Init
                0x0800131c       0x58 objdir-CW308_STM32F0/stm32f0_hal_lowlevel.o
                0x0800131c                HAL_UART_Init
 .text.HAL_UART_Receive
                0x08001374      0x100 objdir-CW308_STM32F0/stm32f0_hal_lowlevel.o
                0x08001374                HAL_UART_Receive
 .text.HAL_UART_Transmit
                0x08001474       0xcc objdir-CW308_STM32F0/stm32f0_hal_lowlevel.o
                0x08001474                HAL_UART_Transmit
 .text.KeyExpansion
                0x08001540       0x98 objdir-CW308_STM32F0/aes.o
 .text.AddRoundKey
                0x080015d8       0x3c objdir-CW308_STM32F0/aes.o
 .text.SubBytes
                0x08001614       0x2c objdir-CW308_STM32F0/aes.o
 .text.ShiftRows
                0x08001640       0x3c objdir-CW308_STM32F0/aes.o
 .text.xtime    0x0800167c       0x12 objdir-CW308_STM32F0/aes.o
 *fill*         0x0800168e        0x2 
 .text.Cipher   0x08001690       0xa4 objdir-CW308_STM32F0/aes.o
 .text.BlockCopy
                0x08001734        0xe objdir-CW308_STM32F0/aes.o
 *fill*         0x08001742        0x2 
 .text.AES128_ECB_indp_setkey
                0x08001744       0x10 objdir-CW308_STM32F0/aes.o
                0x08001744                AES128_ECB_indp_setkey
 .text.AES128_ECB_indp_crypto
                0x08001754       0x18 objdir-CW308_STM32F0/aes.o
                0x08001754                AES128_ECB_indp_crypto
 .text.aes_indep_init
                0x0800176c        0x2 objdir-CW308_STM32F0/aes-independant.o
                0x0800176c                aes_indep_init
 .text.aes_indep_key
                0x0800176e        0x8 objdir-CW308_STM32F0/aes-independant.o
                0x0800176e                aes_indep_key
 .text.aes_indep_enc
                0x08001776        0x8 objdir-CW308_STM32F0/aes-independant.o
                0x08001776                aes_indep_enc
 .text.aes_indep_enc_pretrigger
                0x0800177e        0x2 objdir-CW308_STM32F0/aes-independant.o
                0x0800177e                aes_indep_enc_pretrigger
 .text.aes_indep_enc_posttrigger
                0x08001780        0x2 objdir-CW308_STM32F0/aes-independant.o
                0x08001780                aes_indep_enc_posttrigger
 .text.aes_indep_mask
                0x08001782        0x2 objdir-CW308_STM32F0/aes-independant.o
                0x08001782                aes_indep_mask
 .text.Reset_Handler
                0x08001784       0x48 objdir-CW308_STM32F0/stm32f0_startup.o
                0x08001784                Reset_Handler
 .text.Default_Handler
                0x080017cc        0x2 objdir-CW308_STM32F0/stm32f0_startup.o
                0x080017cc                DebugMon_Handler
                0x080017cc                HardFault_Handler
                0x080017cc                SysTick_Handler
                0x080017cc                PendSV_Handler
                0x080017cc                NMI_Handler
                0x080017cc                UsageFault_Handler
                0x080017cc                Default_Handler
                0x080017cc                MemManage_Handler
                0x080017cc                SVC_Handler
                0x080017cc                BusFault_Handler
 *(.glue_7)
 .glue_7        0x080017ce        0x0 linker stubs
 *(.glue_7t)
 .glue_7t       0x080017ce        0x0 linker stubs
 *(.eh_frame)
 *fill*         0x080017ce        0x2 
 .eh_frame      0x080017d0        0x0 /usr/lib/gcc/arm-none-eabi/13.2.1/thumb/v6-m/nofp/crtbegin.o
 *(.init)
 .init          0x080017d0        0x4 /usr/lib/gcc/arm-none-eabi/13.2.1/thumb/v6-m/nofp/crti.o
                0x080017d0                _init
 .init          0x080017d4        0x8 /usr/lib/gcc/arm-none-eabi/13.2.1/thumb/v6-m/nofp/crtn.o
 *(.fini)
 .fini          0x080017dc        0x4 /usr/lib/gcc/arm-none-eabi/13.2.1/thumb/v6-m/nofp/crti.o
                0x080017dc                _fini
 .fini          0x080017e0        0x8 /usr/lib/gcc/arm-none-eabi/13.2.1/thumb/v6-m/nofp/crtn.o
                0x080017e8                        . = ALIGN (0x4)
                0x080017e8                        _etext = .

.vfp11_veneer   0x080017e8        0x0
 .vfp11_veneer  0x080017e8        0x0 linker stubs

.v4_bx          0x080017e8        0x0
 .v4_bx         0x080017e8        0x0 linker stubs

.iplt           0x080017e8        0x0
 .iplt          0x080017e8        0x0 /usr/lib/gcc/arm-none-eabi/13.2.1/thumb/v6-m/nofp/crtbegin.o

.rodata         0x080017e8       0x24
                0x080017e8                        . = ALIGN (0x4)
 *(.rodata)
 .rodata        0x080017e8       0x10 objdir-CW308_STM32F0/simpleserial.o
 *(.rodata*)
 .rodata.str1.1
                0x080017f8       0x11 objdir-CW308_STM32F0/simpleserial-aes.o
                0x0800180c                        . = ALIGN (0x4)
 *fill*         0x08001809        0x3 

.rel.dyn        0x0800180c        0x0
 .rel.iplt      0x0800180c        0x0 /usr/lib/gcc/arm-none-eabi/13.2.1/thumb/v6-m/nofp/crtbegin.o

.ARM.extab      0x0800180c        0x0
                0x0800180c                        . = ALIGN (0x4)
 *(.ARM.extab* .gnu.linkonce.armextab.*)
                0x0800180c                        . = ALIGN (0x4)

.ARM            0x0800180c        0x0
                0x0800180c                        . = ALIGN (0x4)
                0x0800180c                        __exidx_start = .
 *(.ARM.exidx*)
                0x0800180c                        __exidx_end = .
                0x0800180c                        . = ALIGN (0x4)

.preinit_array  0x0800180c        0x0
                0x0800180c                        . = ALIGN (0x4)
                0x0800180c                        PROVIDE (__preinit_array_start = .)
 *(.preinit_array*)
                0x0800180c                        PROVIDE (__preinit_array_end = .)
                0x0800180c                        . = ALIGN (0x4)

.init_array     0x0800180c        0x4
                0x0800180c                        . = ALIGN (0x4)
                0x0800180c                        PROVIDE (__init_array_start = .)
 *(SORT_BY_NAME(.init_array.*))
 *(.init_array*)
 .init_array    0x0800180c        0x4 /usr/lib/gcc/arm-none-eabi/13.2.1/thumb/v6-m/nofp/crtbegin.o
                0x08001810                        PROVIDE (__init_array_end = .)
                0x08001810                        . = ALIGN (0x4)

.fini_array     0x08001810        0x4
                0x08001810                        . = ALIGN (0x4)
                0x08001810                        PROVIDE (__fini_array_start = .)
 *(SORT_BY_NAME(.fini_array.*))
 *(.fini_array*)
 .fini_array    0x08001810        0x4 /usr/lib/gcc/arm-none-eabi/13.2.1/thumb/v6-m/nofp/crtbegin.o
                0x08001814                        PROVIDE (__fini_array_end = .)
                0x08001814                        . = ALIGN (0x4)
                0x08001814                        _sidata = LOADADDR (.data)

.data           0x20000000      0x214 load address 0x08001814
                0x20000000                        . = ALIGN (0x4)
                0x20000000                        _sdata = .
 *(.data)
 .data          0x20000000        0x2 objdir-CW308_STM32F0/simpleserial-aes.o
 *fill*         0x20000002        0x2 
 .data          0x20000004        0x4 objdir-CW308_STM32F0/stm32f0_hal_lowlevel.o
                0x20000004                SystemCoreClock
 .data          0x20000008      0x20b objdir-CW308_STM32F0/aes.o
                0x20000008                Rcon
                0x20000013                rsbox
                0x20000113                sbox
 *(.data*)
                0x20000214                        . = ALIGN (0x4)
 *fill*         0x20000213        0x1 
                0x20000214                        _edata = .

.tm_clone_table
                0x20000214        0x0 load address 0x08001a28
 .tm_clone_table
                0x20000214        0x0 /usr/lib/gcc/arm-none-eabi/13.2.1/thumb/v6-m/nofp/crtbegin.o
 .tm_clone_table
                0x20000214        0x0 /usr/lib/gcc/arm-none-eabi/13.2.1/thumb/v6-m/nofp/crtend.o

.igot.plt       0x20000214        0x0 load address 0x08001a28
 .igot.plt      0x20000214        0x0 /usr/lib/gcc/arm-none-eabi/13.2.1/thumb/v6-m/nofp/crtbegin.o
                0x20000214                        . = ALIGN (0x4)

.bss            0x20000214      0x35c load address 0x08001a28
                0x20000214                        _sbss = .
                0x20000214                        __bss_start__ = _sbss
 *(.bss)
 .bss           0x20000214       0x1c /usr/lib/gcc/arm-none-eabi/13.2.1/thumb/v6-m/nofp/crtbegin.o
 .bss           0x20000230      0x204 objdir-CW308_STM32F0/simpleserial.o
 .bss           0x20000434       0x70 objdir-CW308_STM32F0/stm32f0_hal.o
                0x20000434                UartHandle
 .bss           0x200004a4        0x4 objdir-CW308_STM32F0/stm32f0_hal_lowlevel.o
 .bss           0x200004a8       0xc8 objdir-CW308_STM32F0/aes.o
 *(.bss*)
 *(COMMON)
                0x20000570                        . = ALIGN (0x4)
                0x20000570                        _ebss = .
                0x20000570                        __bss_end__ = _ebss

._user_heap_stack
                0x20000570      0x400 load address 0x08001a28
                0x20000570                        . = ALIGN (0x8)
                0x20000570                        PROVIDE (end = .)
                [!provide]                        PROVIDE (_end = .)
                0x20000570                        . = (. + _Min_Heap_Size)
                0x20000970                        . = (. + _Min_Stack_Size)
 *fill*         0x20000570      0x400 
                0x20000970                        . = ALIGN (0x8)

/DISCARD/
 libc.a(*)
 libm.a(*)
 libgcc.a(*)

.ARM.attributes
                0x00000000       0x28
 *(.ARM.attributes)
 .ARM.attributes
                0x00000000       0x1e /usr/lib/gcc/arm-none-eabi/13.2.1/thumb/v6-m/nofp/crti.o
 .ARM.attributes
                0x0000001e       0x2c /usr/lib/gcc/arm-none-eabi/13.2.1/thumb/v6-m/nofp/crtbegin.o
 .ARM.attributes
                0x0000004a       0x2c objdir-CW308_STM32F0/simpleserial-aes.o
 .ARM.attributes
                0x00000076       0x2c objdir-CW308_STM32F0/simpleserial.o
 .ARM.attributes
                0x000000a2       0x2c objdir-CW308_STM32F0/stm32f0_hal.o
 .ARM.attributes
                0x000000ce       0x2c objdir-CW308_STM32F0/stm32f0_hal_lowlevel.o
 .ARM.attributes
                0x000000fa       0x2c objdir-CW308_STM32F0/aes.o
 .ARM.attributes
                0x00000126       0x2c objdir-CW308_STM32F0/aes-independant.o
 .ARM.attributes
                0x00000152       0x21 objdir-CW308_STM32F0/stm32f0_startup.o
 .ARM.attributes
                0x00000173       0x1e /usr/lib/gcc/arm-none-eabi/13.2.1/thumb/v6-m/nofp/libgcc.a(_thumb1_case_sqi.o)
 .ARM.attributes
                0x00000191       0x1e /usr/lib/gcc/arm-none-eabi/13.2.1/thumb/v6-m/nofp/libgcc.a(_udivsi3.o)
 .ARM.attributes
                0x000001af       0x1e /usr/lib/gcc/arm-none-eabi/13.2.1/thumb/v6-m/nofp/libgcc.a(_dvmd_tls.o)
 .ARM.attributes
                0x000001cd       0x2c /usr/lib/gcc/arm-none-eabi/13.2.1/../../../arm-none-eabi/lib/thumb/v6-m/nofp/libg_nano.a(libc_a-init.o)
 .ARM.attributes
                0x000001f9       0x2c /usr/lib/gcc/arm-none-eabi/13.2.1/../../../arm-none-eabi/lib/thumb/v6-m/nofp/libg_nano.a(libc_a-memcpy-stub.o)
 .ARM.attributes
                0x00000225       0x2c /usr/lib/gcc/arm-none-eabi/13.2.1/thumb/v6-m/nofp/crtend.o
 .ARM.attributes
                0x00000251       0x1e /usr/lib/gcc/arm-none-eabi/13.2.1/thumb/v6-m/nofp/crtn.o
OUTPUT(simpleserial-aes-CW308_STM32F0.elf elf32-littlearm)
LOAD linker stubs
LOAD /usr/lib/gcc/arm-none-eabi/13.2.1/../../../arm-none-eabi/lib/thumb/v6-m/nofp/libc.a
LOAD /usr/lib/gcc/arm-none-eabi/13.2.1/../../../arm-none-eabi/lib/thumb/v6-m/nofp/libm.a
LOAD /usr/lib/gcc/arm-none-eabi/13.2.1/thumb/v6-m/nofp/libgcc.a

.comment        0x00000000       0x26
 .comment       0x00000000       0x26 /usr/lib/gcc/arm-none-eabi/13.2.1/thumb/v6-m/nofp/crtbegin.o
                                 0x27 (size before relaxing)
 .comment       0x00000026       0x27 objdir-CW308_STM32F0/simpleserial-aes.o
 .comment       0x00000026       0x27 objdir-CW308_STM32F0/simpleserial.o
 .comment       0x00000026       0x27 objdir-CW308_STM32F0/stm32f0_hal.o
 .comment       0x00000026       0x27 objdir-CW308_STM32F0/stm32f0_hal_lowlevel.o
 .comment       0x00000026       0x27 objdir-CW308_STM32F0/aes.o
 .comment       0x00000026       0x27 objdir-CW308_STM32F0/aes-independant.o
 .comment       0x00000026       0x27 /usr/lib/gcc/arm-none-eabi/13.2.1/../../../arm-none-eabi/lib/thumb/v6-m/nofp/libg_nano.a(libc_a-init.o)
 .comment       0x00000026       0x27 /usr/lib/gcc/arm-none-eabi/13.2.1/../../../arm-none-eabi/lib/thumb/v6-m/nofp/libg_nano.a(libc_a-memcpy-stub.o)
 .comment       0x00000026       0x27 /usr/lib/gcc/arm-none-eabi/13.2.1/thumb/v6-m/nofp/crtend.o

.debug_info     0x00000000     0x44de
 .debug_info    0x00000000      0x6fc objdir-CW308_STM32F0/simpleserial-aes.o
 .debug_info    0x000006fc      0x936 objdir-CW308_STM32F0/simpleserial.o
 .debug_info    0x00001032      0xfb4 objdir-CW308_STM32F0/stm32f0_hal.o
 .debug_info    0x00001fe6     0x15b8 objdir-CW308_STM32F0/stm32f0_hal_lowlevel.o
 .debug_info    0x0000359e      0xa43 objdir-CW308_STM32F0/aes.o
 .debug_info    0x00003fe1      0x1f5 objdir-CW308_STM32F0/aes-independant.o
 .debug_info    0x000041d6       0x31 /usr/lib/gcc/arm-none-eabi/13.2.1/thumb/v6-m/nofp/libgcc.a(_thumb1_case_sqi.o)
 .debug_info    0x00004207       0x3e /usr/lib/gcc/arm-none-eabi/13.2.1/thumb/v6-m/nofp/libgcc.a(_udivsi3.o)
 .debug_info    0x00004245       0x3c /usr/lib/gcc/arm-none-eabi/13.2.1/thumb/v6-m/nofp/libgcc.a(_dvmd_tls.o)
 .debug_info    0x00004281      0x10b /usr/lib/gcc/arm-none-eabi/13.2.1/../../../arm-none-eabi/lib/thumb/v6-m/nofp/libg_nano.a(libc_a-init.o)
 .debug_info    0x0000438c      0x152 /usr/lib/gcc/arm-none-eabi/13.2.1/../../../arm-none-eabi/lib/thumb/v6-m/nofp/libg_nano.a(libc_a-memcpy-stub.o)

.debug_abbrev   0x00000000     0x104b
 .debug_abbrev  0x00000000      0x18f objdir-CW308_STM32F0/simpleserial-aes.o
 .debug_abbrev  0x0000018f      0x333 objdir-CW308_STM32F0/simpleserial.o
 .debug_abbrev  0x000004c2      0x23e objdir-CW308_STM32F0/stm32f0_hal.o
 .debug_abbrev  0x00000700      0x2ed objdir-CW308_STM32F0/stm32f0_hal_lowlevel.o
 .debug_abbrev  0x000009ed      0x2f2 objdir-CW308_STM32F0/aes.o
 .debug_abbrev  0x00000cdf      0x163 objdir-CW308_STM32F0/aes-independant.o
 .debug_abbrev  0x00000e42       0x28 /usr/lib/gcc/arm-none-eabi/13.2.1/thumb/v6-m/nofp/libgcc.a(_thumb1_case_sqi.o)
 .debug_abbrev  0x00000e6a       0x28 /usr/lib/gcc/arm-none-eabi/13.2.1/thumb/v6-m/nofp/libgcc.a(_udivsi3.o)
 .debug_abbrev  0x00000e92       0x26 /usr/lib/gcc/arm-none-eabi/13.2.1/thumb/v6-m/nofp/libgcc.a(_dvmd_tls.o)
 .debug_abbrev  0x00000eb8       0xc9 /usr/lib/gcc/arm-none-eabi/13.2.1/../../../arm-none-eabi/lib/thumb/v6-m/nofp/libg_nano.a(libc_a-init.o)
 .debug_abbrev  0x00000f81       0xca /usr/lib/gcc/arm-none-eabi/13.2.1/../../../arm-none-eabi/lib/thumb/v6-m/nofp/libg_nano.a(libc_a-memcpy-stub.o)

.debug_loc      0x00000000     0x2a3c
 .debug_loc     0x00000000      0x2de objdir-CW308_STM32F0/simpleserial-aes.o
 .debug_loc     0x000002de      0x8ef objdir-CW308_STM32F0/simpleserial.o
 .debug_loc     0x00000bcd      0x18a objdir-CW308_STM32F0/stm32f0_hal.o
 .debug_loc     0x00000d57     0x12ef objdir-CW308_STM32F0/stm32f0_hal_lowlevel.o
 .debug_loc     0x00002046      0x960 objdir-CW308_STM32F0/aes.o
 .debug_loc     0x000029a6       0x96 objdir-CW308_STM32F0/aes-independant.o

.debug_aranges  0x00000000      0x320
 .debug_aranges
                0x00000000       0x50 objdir-CW308_STM32F0/simpleserial-aes.o
 .debug_aranges
                0x00000050       0x70 objdir-CW308_STM32F0/simpleserial.o
 .debug_aranges
                0x000000c0       0x68 objdir-CW308_STM32F0/stm32f0_hal.o
 .debug_aranges
                0x00000128       0x90 objdir-CW308_STM32F0/stm32f0_hal_lowlevel.o
 .debug_aranges
                0x000001b8       0x80 objdir-CW308_STM32F0/aes.o
 .debug_aranges
                0x00000238       0x48 objdir-CW308_STM32F0/aes-independant.o
 .debug_aranges
                0x00000280       0x20 /usr/lib/gcc/arm-none-eabi/13.2.1/thumb/v6-m/nofp/libgcc.a(_thumb1_case_sqi.o)
 .debug_aranges
                0x000002a0       0x20 /usr/lib/gcc/arm-none-eabi/13.2.1/thumb/v6-m/nofp/libgcc.a(_udivsi3.o)
 .debug_aranges
                0x000002c0       0x20 /usr/lib/gcc/arm-none-eabi/13.2.1/thumb/v6-m/nofp/libgcc.a(_dvmd_tls.o)
 .debug_aranges
                0x000002e0       0x20 /usr/lib/gcc/arm-none-eabi/13.2.1/../../../arm-none-eabi/lib/thumb/v6-m/nofp/libg_nano.a(libc_a-init.o)
 .debug_aranges
                0x00000300       0x20 /usr/lib/gcc/arm-none-eabi/13.2.1/../../../arm-none-eabi/lib/thumb/v6-m/nofp/libg_nano.a(libc_a-memcpy-stub.o)

.debug_ranges   0x00000000      0x460
 .debug_ranges  0x00000000       0x60 objdir-CW308_STM32F0/simpleserial-aes.o
 .debug_ranges  0x00000060      0x140 objdir-CW308_STM32F0/simpleserial.o
 .debug_ranges  0x000001a0       0xe8 objdir-CW308_STM32F0/stm32f0_hal.o
 .debug_ranges  0x00000288       0xc8 objdir-CW308_STM32F0/stm32f0_hal_lowlevel.o
 .debug_ranges  0x00000350       0xd8 objdir-CW308_STM32F0/aes.o
 .debug_ranges  0x00000428       0x38 objdir-CW308_STM32F0/aes-independant.o

.debug_line     0x00000000     0x2cb9
 .debug_line    0x00000000      0x24d objdir-CW308_STM32F0/simpleserial-aes.o
 .debug_line    0x0000024d      0x573 objdir-CW308_STM32F0/simpleserial.o
 .debug_line    0x000007c0      0x434 objdir-CW308_STM32F0/stm32f0_hal.o
 .debug_line    0x00000bf4     0x1334 objdir-CW308_STM32F0/stm32f0_hal_lowlevel.o
 .debug_line    0x00001f28      0x887 objdir-CW308_STM32F0/aes.o
 .debug_line    0x000027af      0x12c objdir-CW308_STM32F0/aes-independant.o
 .debug_line    0x000028db       0x52 /usr/lib/gcc/arm-none-eabi/13.2.1/thumb/v6-m/nofp/libgcc.a(_thumb1_case_sqi.o)
 .debug_line    0x0000292d       0x56 /usr/lib/gcc/arm-none-eabi/13.2.1/thumb/v6-m/nofp/libgcc.a(_udivsi3.o)
 .debug_line    0x00002983       0x4a /usr/lib/gcc/arm-none-eabi/13.2.1/thumb/v6-m/nofp/libgcc.a(_dvmd_tls.o)
 .debug_line    0x000029cd      0x105 /usr/lib/gcc/arm-none-eabi/13.2.1/../../../arm-none-eabi/lib/thumb/v6-m/nofp/libg_nano.a(libc_a-init.o)
 .debug_line    0x00002ad2      0x1e7 /usr/lib/gcc/arm-none-eabi/13.2.1/../../../arm-none-eabi/lib/thumb/v6-m/nofp/libg_nano.a(libc_a-memcpy-stub.o)

.debug_str      0x00000000     0x126a
 .debug_str     0x00000000     0x126a objdir-CW308_STM32F0/simpleserial-aes.o
                                0x349 (size before relaxing)
 .debug_str     0x0000126a      0x2d0 objdir-CW308_STM32F0/simpleserial.o
 .debug_str     0x0000126a      0x9b7 objdir-CW308_STM32F0/stm32f0_hal.o
 .debug_str     0x0000126a      0xbf2 objdir-CW308_STM32F0/stm32f0_hal_lowlevel.o
 .debug_str     0x0000126a      0x305 objdir-CW308_STM32F0/aes.o
 .debug_str     0x0000126a      0x241 objdir-CW308_STM32F0/aes-independant.o
 .debug_str     0x0000126a       0xb9 /usr/lib/gcc/arm-none-eabi/13.2.1/thumb/v6-m/nofp/libgcc.a(_thumb1_case_sqi.o)
 .debug_str     0x0000126a       0xbe /usr/lib/gcc/arm-none-eabi/13.2.1/thumb/v6-m/nofp/libgcc.a(_udivsi3.o)
 .debug_str     0x0000126a       0xbf /usr/lib/gcc/arm-none-eabi/13.2.1/thumb/v6-m/nofp/libgcc.a(_dvmd_tls.o)
 .debug_str     0x0000126a      0x1f3 /usr/lib/gcc/arm-none-eabi/13.2.1/../../../arm-none-eabi/lib/thumb/v6-m/nofp/libg_nano.a(libc_a-init.o)
 .debug_str     0x0000126a      0x1c3 /usr/lib/gcc/arm-none-eabi/13.2.1/../../../arm-none-eabi/lib/thumb/v6-m/nofp/libg_nano.a(libc_a-memcpy-stub.o)

.debug_frame    0x00000000      0x704
 .debug_frame   0x00000000       0xb4 objdir-CW308_STM32F0/simpleserial-aes.o
 .debug_frame   0x000000b4      0x140 objdir-CW308_STM32F0/simpleserial.o
 .debug_frame   0x000001f4      0x118 objdir-CW308_STM32F0/stm32f0_hal.o
 .debug_frame   0x0000030c      0x1a0 objdir-CW308_STM32F0/stm32f0_hal_lowlevel.o
 .debug_frame   0x000004ac      0x15c objdir-CW308_STM32F0/aes.o
 .debug_frame   0x00000608       0x80 objdir-CW308_STM32F0/aes-independant.o
 .debug_frame   0x00000688       0x20 /usr/lib/gcc/arm-none-eabi/13.2.1/thumb/v6-m/nofp/libgcc.a(_udivsi3.o)
 .debug_frame   0x000006a8       0x2c /usr/lib/gcc/arm-none-eabi/13.2.1/../../../arm-none-eabi/lib/thumb/v6-m/nofp/libg_nano.a(libc_a-init.o)
 .debug_frame   0x000006d4       0x30 /usr/lib/gcc/arm-none-eabi/13.2.1/../../../arm-none-eabi/lib/thumb/v6-m/nofp/libg_nano.a(libc_a-memcpy-stub.o)

.stab           0x00000000      0x144
 .stab          0x00000000      0x144 objdir-CW308_STM32F0/stm32f0_startup.o

.stabstr        0x00000000       0x35
 .stabstr       0x00000000       0x35 objdir-CW308_STM32F0/stm32f0_startup.o

.debug_line_str
                0x00000000       0x97
 .debug_line_str
                0x00000000       0x97 /usr/lib/gcc/arm-none-eabi/13.2.1/thumb/v6-m/nofp/libgcc.a(_thumb1_case_sqi.o)
 .debug_line_str
                0x00000097       0x97 /usr/lib/gcc/arm-none-eabi/13.2.1/thumb/v6-m/nofp/libgcc.a(_udivsi3.o)
 .debug_line_str
                0x00000097       0x97 /usr/lib/gcc/arm-none-eabi/13.2.1/thumb/v6-m/nofp/libgcc.a(_dvmd_tls.o)

.debug_loclists
                0x00000000      0x321
 .debug_loclists
                0x00000000       0x5a /usr/lib/gcc/arm-none-eabi/13.2.1/../../../arm-none-eabi/lib/thumb/v6-m/nofp/libg_nano.a(libc_a-init.o)
 .debug_loclists
                0x0000005a      0x2c7 /usr/lib/gcc/arm-none-eabi/13.2.1/../../../arm-none-eabi/lib/thumb/v6-m/nofp/libg_nano.a(libc_a-memcpy-stub.o)

Cross Reference Table

Symbol                                            File
AES128_ECB_decrypt                                objdir-CW308_STM32F0/aes.o
AES128_ECB_encrypt                                objdir-CW308_STM32F0/aes.o
AES128_ECB_indp_crypto                            objdir-CW308_STM32F0/aes.o
                                                  objdir-CW308_STM32F0/aes-independant.o
AES128_ECB_indp_setkey                            objdir-CW308_STM32F0/aes.o
                                                  objdir-CW308_STM32F0/aes-independant.o
BusFault_Handler                                  objdir-CW308_STM32F0/stm32f0_startup.o
DebugMon_Handler                                  objdir-CW308_STM32F0/stm32f0_startup.o
Default_Handler                                   objdir-CW308_STM32F0/stm32f0_startup.o
HAL_GPIO_Init                                     objdir-CW308_STM32F0/stm32f0_hal_lowlevel.o
                                                  objdir-CW308_STM32F0/stm32f0_hal.o
HAL_GPIO_WritePin                                 objdir-CW308_STM32F0/stm32f0_hal_lowlevel.o
                                                  objdir-CW308_STM32F0/stm32f0_hal.o
HAL_GetTick                                       objdir-CW308_STM32F0/stm32f0_hal_lowlevel.o
HAL_RCCEx_PeriphCLKConfig                         objdir-CW308_STM32F0/stm32f0_hal_lowlevel.o
HAL_RCC_ClockConfig                               objdir-CW308_STM32F0/stm32f0_hal_lowlevel.o
                                                  objdir-CW308_STM32F0/stm32f0_hal.o
HAL_RCC_GetPCLK1Freq                              objdir-CW308_STM32F0/stm32f0_hal_lowlevel.o
HAL_RCC_GetPCLK2Freq                              objdir-CW308_STM32F0/stm32f0_hal_lowlevel.o
HAL_RCC_GetSysClockFreq                           objdir-CW308_STM32F0/stm32f0_hal_lowlevel.o
HAL_RCC_OscConfig                                 objdir-CW308_STM32F0/stm32f0_hal_lowlevel.o
                                                  objdir-CW308_STM32F0/stm32f0_hal.o
HAL_UART_Init                                     objdir-CW308_STM32F0/stm32f0_hal_lowlevel.o
                                                  objdir-CW308_STM32F0/stm32f0_hal.o
HAL_UART_Receive                                  objdir-CW308_STM32F0/stm32f0_hal_lowlevel.o
                                                  objdir-CW308_STM32F0/stm32f0_hal.o
HAL_UART_Transmit                                 objdir-CW308_STM32F0/stm32f0_hal_lowlevel.o
                                                  objdir-CW308_STM32F0/stm32f0_hal.o
HardFault_Handler                                 objdir-CW308_STM32F0/stm32f0_startup.o
MemManage_Handler                                 objdir-CW308_STM32F0/stm32f0_startup.o
NMI_Handler                                       objdir-CW308_STM32F0/stm32f0_startup.o
PendSV_Handler                                    objdir-CW308_STM32F0/stm32f0_startup.o
Rcon                                              objdir-CW308_STM32F0/aes.o
Reset_Handler                                     objdir-CW308_STM32F0/stm32f0_startup.o
SVC_Handler                                       objdir-CW308_STM32F0/stm32f0_startup.o
SysTick_Handler                                   objdir-CW308_STM32F0/stm32f0_startup.o
SystemCoreClock                                   objdir-CW308_STM32F0/stm32f0_hal_lowlevel.o
SystemInit                                        objdir-CW308_STM32F0/stm32f0_startup.o
UART_CheckIdleState                               objdir-CW308_STM32F0/stm32f0_hal_lowlevel.o
UART_SetConfig                                    objdir-CW308_STM32F0/stm32f0_hal_lowlevel.o
UART_WaitOnFlagUntilTimeout                       objdir-CW308_STM32F0/stm32f0_hal_lowlevel.o
UartHandle                                        objdir-CW308_STM32F0/stm32f0_hal.o
UsageFault_Handler                                objdir-CW308_STM32F0/stm32f0_startup.o
_ITM_deregisterTMCloneTable                       /usr/lib/gcc/arm-none-eabi/13.2.1/thumb/v6-m/nofp/crtbegin.o
_ITM_registerTMCloneTable                         /usr/lib/gcc/arm-none-eabi/13.2.1/thumb/v6-m/nofp/crtbegin.o
__TMC_END__                                       /usr/lib/gcc/arm-none-eabi/13.2.1/thumb/v6-m/nofp/crtend.o
                                                  /usr/lib/gcc/arm-none-eabi/13.2.1/thumb/v6-m/nofp/crtbegin.o
__aeabi_idiv0                                     /usr/lib/gcc/arm-none-eabi/13.2.1/thumb/v6-m/nofp/libgcc.a(_dvmd_tls.o)
                                                  /usr/lib/gcc/arm-none-eabi/13.2.1/thumb/v6-m/nofp/libgcc.a(_udivsi3.o)
__aeabi_ldiv0                                     /usr/lib/gcc/arm-none-eabi/13.2.1/thumb/v6-m/nofp/libgcc.a(_dvmd_tls.o)
__aeabi_uidiv                                     /usr/lib/gcc/arm-none-eabi/13.2.1/thumb/v6-m/nofp/libgcc.a(_udivsi3.o)
                                                  objdir-CW308_STM32F0/stm32f0_hal_lowlevel.o
__aeabi_uidivmod                                  /usr/lib/gcc/arm-none-eabi/13.2.1/thumb/v6-m/nofp/libgcc.a(_udivsi3.o)
__atexit                                          /usr/lib/gcc/arm-none-eabi/13.2.1/../../../arm-none-eabi/lib/thumb/v6-m/nofp/libg_nano.a(libc_a-__call_atexit.o)
                                                  /usr/lib/gcc/arm-none-eabi/13.2.1/../../../arm-none-eabi/lib/thumb/v6-m/nofp/libg_nano.a(libc_a-__atexit.o)
__atexit0                                         /usr/lib/gcc/arm-none-eabi/13.2.1/../../../arm-none-eabi/lib/thumb/v6-m/nofp/libg_nano.a(libc_a-__atexit.o)
__atexit_dummy                                    /usr/lib/gcc/arm-none-eabi/13.2.1/../../../arm-none-eabi/lib/thumb/v6-m/nofp/libg_nano.a(libc_a-__atexit.o)
__bss_end__                                       /usr/lib/gcc/arm-none-eabi/13.2.1/../../../arm-none-eabi/lib/thumb/v6-m/nofp/crt0.o
__bss_start__                                     /usr/lib/gcc/arm-none-eabi/13.2.1/../../../arm-none-eabi/lib/thumb/v6-m/nofp/crt0.o
__call_exitprocs                                  /usr/lib/gcc/arm-none-eabi/13.2.1/../../../arm-none-eabi/lib/thumb/v6-m/nofp/libg_nano.a(libc_a-__call_atexit.o)
                                                  /usr/lib/gcc/arm-none-eabi/13.2.1/../../../arm-none-eabi/lib/thumb/v6-m/nofp/libg_nano.a(libc_a-__atexit.o)
                                                  /usr/lib/gcc/arm-none-eabi/13.2.1/../../../arm-none-eabi/lib/thumb/v6-m/nofp/libg_nano.a(libc_a-exit.o)
__deregister_frame_info                           /usr/lib/gcc/arm-none-eabi/13.2.1/thumb/v6-m/nofp/crtbegin.o
__dso_handle                                      /usr/lib/gcc/arm-none-eabi/13.2.1/thumb/v6-m/nofp/crtbegin.o
__fini_array_end                                  /usr/lib/gcc/arm-none-eabi/13.2.1/../../../arm-none-eabi/lib/thumb/v6-m/nofp/libg_nano.a(libc_a-fini.o)
__fini_array_start                                /usr/lib/gcc/arm-none-eabi/13.2.1/../../../arm-none-eabi/lib/thumb/v6-m/nofp/libg_nano.a(libc_a-fini.o)
__fp_lock_all                                     /usr/lib/gcc/arm-none-eabi/13.2.1/../../../arm-none-eabi/lib/thumb/v6-m/nofp/libg_nano.a(libc_a-findfp.o)
__fp_unlock_all                                   /usr/lib/gcc/arm-none-eabi/13.2.1/../../../arm-none-eabi/lib/thumb/v6-m/nofp/libg_nano.a(libc_a-findfp.o)
__gnu_thumb1_case_sqi                             /usr/lib/gcc/arm-none-eabi/13.2.1/thumb/v6-m/nofp/libgcc.a(_thumb1_case_sqi.o)
                                                  objdir-CW308_STM32F0/stm32f0_hal_lowlevel.o
__init_array_end                                  /usr/lib/gcc/arm-none-eabi/13.2.1/../../../arm-none-eabi/lib/thumb/v6-m/nofp/libg_nano.a(libc_a-init.o)
__init_array_start                                /usr/lib/gcc/arm-none-eabi/13.2.1/../../../arm-none-eabi/lib/thumb/v6-m/nofp/libg_nano.a(libc_a-init.o)
__libc_fini_array                                 /usr/lib/gcc/arm-none-eabi/13.2.1/../../../arm-none-eabi/lib/thumb/v6-m/nofp/libg_nano.a(libc_a-fini.o)
                                                  /usr/lib/gcc/arm-none-eabi/13.2.1/../../../arm-none-eabi/lib/thumb/v6-m/nofp/crt0.o
__libc_init_array                                 /usr/lib/gcc/arm-none-eabi/13.2.1/../../../arm-none-eabi/lib/thumb/v6-m/nofp/libg_nano.a(libc_a-init.o)
                                                  objdir-CW308_STM32F0/stm32f0_startup.o
                                                  /usr/lib/gcc/arm-none-eabi/13.2.1/../../../arm-none-eabi/lib/thumb/v6-m/nofp/crt0.o
__malloc_free_list                                /usr/lib/gcc/arm-none-eabi/13.2.1/../../../arm-none-eabi/lib/thumb/v6-m/nofp/libg_nano.a(libc_a-mallocr.o)
                                                  /usr/lib/gcc/arm-none-eabi/13.2.1/../../../arm-none-eabi/lib/thumb/v6-m/nofp/libg_nano.a(libc_a-freer.o)
__malloc_lock                                     /usr/lib/gcc/arm-none-eabi/13.2.1/../../../arm-none-eabi/lib/thumb/v6-m/nofp/libg_nano.a(libc_a-mlock.o)
                                                  /usr/lib/gcc/arm-none-eabi/13.2.1/../../../arm-none-eabi/lib/thumb/v6-m/nofp/libg_nano.a(libc_a-freer.o)
                                                  /usr/lib/gcc/arm-none-eabi/13.2.1/../../../arm-none-eabi/lib/thumb/v6-m/nofp/libg_nano.a(libc_a-mallocr.o)
__malloc_sbrk_start                               /usr/lib/gcc/arm-none-eabi/13.2.1/../../../arm-none-eabi/lib/thumb/v6-m/nofp/libg_nano.a(libc_a-mallocr.o)
__malloc_unlock                                   /usr/lib/gcc/arm-none-eabi/13.2.1/../../../arm-none-eabi/lib/thumb/v6-m/nofp/libg_nano.a(libc_a-mlock.o)
                                                  /usr/lib/gcc/arm-none-eabi/13.2.1/../../../arm-none-eabi/lib/thumb/v6-m/nofp/libg_nano.a(libc_a-freer.o)
                                                  /usr/lib/gcc/arm-none-eabi/13.2.1/../../../arm-none-eabi/lib/thumb/v6-m/nofp/libg_nano.a(libc_a-mallocr.o)
__on_exit_args                                    /usr/lib/gcc/arm-none-eabi/13.2.1/../../../arm-none-eabi/lib/thumb/v6-m/nofp/libg_nano.a(libc_a-__atexit.o)
__preinit_array_end                               /usr/lib/gcc/arm-none-eabi/13.2.1/../../../arm-none-eabi/lib/thumb/v6-m/nofp/libg_nano.a(libc_a-init.o)
__preinit_array_start                             /usr/lib/gcc/arm-none-eabi/13.2.1/../../../arm-none-eabi/lib/thumb/v6-m/nofp/libg_nano.a(libc_a-init.o)
__register_exitproc                               /usr/lib/gcc/arm-none-eabi/13.2.1/../../../arm-none-eabi/lib/thumb/v6-m/nofp/libg_nano.a(libc_a-__atexit.o)
                                                  /usr/lib/gcc/arm-none-eabi/13.2.1/../../../arm-none-eabi/lib/thumb/v6-m/nofp/libg_nano.a(libc_a-atexit.o)
__register_frame_info                             /usr/lib/gcc/arm-none-eabi/13.2.1/thumb/v6-m/nofp/crtbegin.o
__sclose                                          /usr/lib/gcc/arm-none-eabi/13.2.1/../../../arm-none-eabi/lib/thumb/v6-m/nofp/libg_nano.a(libc_a-stdio.o)
                                                  /usr/lib/gcc/arm-none-eabi/13.2.1/../../../arm-none-eabi/lib/thumb/v6-m/nofp/libg_nano.a(libc_a-findfp.o)
__seofread                                        /usr/lib/gcc/arm-none-eabi/13.2.1/../../../arm-none-eabi/lib/thumb/v6-m/nofp/libg_nano.a(libc_a-stdio.o)
__sf                                              /usr/lib/gcc/arm-none-eabi/13.2.1/../../../arm-none-eabi/lib/thumb/v6-m/nofp/libg_nano.a(libc_a-findfp.o)
                                                  /usr/lib/gcc/arm-none-eabi/13.2.1/../../../arm-none-eabi/lib/thumb/v6-m/nofp/libg_nano.a(libc_a-impure.o)
__sflush_r                                        /usr/lib/gcc/arm-none-eabi/13.2.1/../../../arm-none-eabi/lib/thumb/v6-m/nofp/libg_nano.a(libc_a-fflush.o)
__sfp                                             /usr/lib/gcc/arm-none-eabi/13.2.1/../../../arm-none-eabi/lib/thumb/v6-m/nofp/libg_nano.a(libc_a-findfp.o)
__sfp_lock_acquire                                /usr/lib/gcc/arm-none-eabi/13.2.1/../../../arm-none-eabi/lib/thumb/v6-m/nofp/libg_nano.a(libc_a-findfp.o)
__sfp_lock_release                                /usr/lib/gcc/arm-none-eabi/13.2.1/../../../arm-none-eabi/lib/thumb/v6-m/nofp/libg_nano.a(libc_a-findfp.o)
__sglue                                           /usr/lib/gcc/arm-none-eabi/13.2.1/../../../arm-none-eabi/lib/thumb/v6-m/nofp/libg_nano.a(libc_a-findfp.o)
                                                  /usr/lib/gcc/arm-none-eabi/13.2.1/../../../arm-none-eabi/lib/thumb/v6-m/nofp/libg_nano.a(libc_a-fflush.o)
__sinit                                           /usr/lib/gcc/arm-none-eabi/13.2.1/../../../arm-none-eabi/lib/thumb/v6-m/nofp/libg_nano.a(libc_a-findfp.o)
                                                  /usr/lib/gcc/arm-none-eabi/13.2.1/../../../arm-none-eabi/lib/thumb/v6-m/nofp/libg_nano.a(libc_a-fflush.o)
__sread                                           /usr/lib/gcc/arm-none-eabi/13.2.1/../../../arm-none-eabi/lib/thumb/v6-m/nofp/libg_nano.a(libc_a-stdio.o)
                                                  /usr/lib/gcc/arm-none-eabi/13.2.1/../../../arm-none-eabi/lib/thumb/v6-m/nofp/libg_nano.a(libc_a-findfp.o)
__sseek                                           /usr/lib/gcc/arm-none-eabi/13.2.1/../../../arm-none-eabi/lib/thumb/v6-m/nofp/libg_nano.a(libc_a-stdio.o)
                                                  /usr/lib/gcc/arm-none-eabi/13.2.1/../../../arm-none-eabi/lib/thumb/v6-m/nofp/libg_nano.a(libc_a-findfp.o)
__stack                                           /usr/lib/gcc/arm-none-eabi/13.2.1/../../../arm-none-eabi/lib/thumb/v6-m/nofp/crt0.o
__stdio_exit_handler                              /usr/lib/gcc/arm-none-eabi/13.2.1/../../../arm-none-eabi/lib/thumb/v6-m/nofp/libg_nano.a(libc_a-findfp.o)
                                                  /usr/lib/gcc/arm-none-eabi/13.2.1/../../../arm-none-eabi/lib/thumb/v6-m/nofp/libg_nano.a(libc_a-exit.o)
__swrite                                          /usr/lib/gcc/arm-none-eabi/13.2.1/../../../arm-none-eabi/lib/thumb/v6-m/nofp/libg_nano.a(libc_a-stdio.o)
                                                  /usr/lib/gcc/arm-none-eabi/13.2.1/../../../arm-none-eabi/lib/thumb/v6-m/nofp/libg_nano.a(libc_a-findfp.o)
__udivsi3                                         /usr/lib/gcc/arm-none-eabi/13.2.1/thumb/v6-m/nofp/libgcc.a(_udivsi3.o)
_close                                            objdir-CW308_STM32F0/hal.o
                                                  /usr/lib/gcc/arm-none-eabi/13.2.1/../../../arm-none-eabi/lib/thumb/v6-m/nofp/libg_nano.a(libc_a-closer.o)
_close_r                                          /usr/lib/gcc/arm-none-eabi/13.2.1/../../../arm-none-eabi/lib/thumb/v6-m/nofp/libg_nano.a(libc_a-closer.o)
                                                  /usr/lib/gcc/arm-none-eabi/13.2.1/../../../arm-none-eabi/lib/thumb/v6-m/nofp/libg_nano.a(libc_a-stdio.o)
_ebss                                             objdir-CW308_STM32F0/stm32f0_startup.o
_edata                                            objdir-CW308_STM32F0/stm32f0_startup.o
_estack                                           objdir-CW308_STM32F0/stm32f0_startup.o
_exit                                             /usr/lib/gcc/arm-none-eabi/13.2.1/../../../arm-none-eabi/lib/thumb/v6-m/nofp/libnosys.a(_exit.o)
                                                  /usr/lib/gcc/arm-none-eabi/13.2.1/../../../arm-none-eabi/lib/thumb/v6-m/nofp/libg_nano.a(libc_a-exit.o)
_fflush_r                                         /usr/lib/gcc/arm-none-eabi/13.2.1/../../../arm-none-eabi/lib/thumb/v6-m/nofp/libg_nano.a(libc_a-fflush.o)
                                                  /usr/lib/gcc/arm-none-eabi/13.2.1/../../../arm-none-eabi/lib/thumb/v6-m/nofp/libg_nano.a(libc_a-findfp.o)
_fini                                             /usr/lib/gcc/arm-none-eabi/13.2.1/thumb/v6-m/nofp/crti.o
                                                  /usr/lib/gcc/arm-none-eabi/13.2.1/../../../arm-none-eabi/lib/thumb/v6-m/nofp/libg_nano.a(libc_a-fini.o)
_free_r                                           /usr/lib/gcc/arm-none-eabi/13.2.1/../../../arm-none-eabi/lib/thumb/v6-m/nofp/libg_nano.a(libc_a-freer.o)
                                                  /usr/lib/gcc/arm-none-eabi/13.2.1/../../../arm-none-eabi/lib/thumb/v6-m/nofp/libg_nano.a(libc_a-reent.o)
                                                  /usr/lib/gcc/arm-none-eabi/13.2.1/../../../arm-none-eabi/lib/thumb/v6-m/nofp/libg_nano.a(libc_a-fflush.o)
_fstat                                            objdir-CW308_STM32F0/hal.o
_fwalk_sglue                                      /usr/lib/gcc/arm-none-eabi/13.2.1/../../../arm-none-eabi/lib/thumb/v6-m/nofp/libg_nano.a(libc_a-fwalk.o)
                                                  /usr/lib/gcc/arm-none-eabi/13.2.1/../../../arm-none-eabi/lib/thumb/v6-m/nofp/libg_nano.a(libc_a-fflush.o)
                                                  /usr/lib/gcc/arm-none-eabi/13.2.1/../../../arm-none-eabi/lib/thumb/v6-m/nofp/libg_nano.a(libc_a-findfp.o)
_getpid                                           objdir-CW308_STM32F0/hal.o
_impure_data                                      /usr/lib/gcc/arm-none-eabi/13.2.1/../../../arm-none-eabi/lib/thumb/v6-m/nofp/libg_nano.a(libc_a-impure.o)
                                                  /usr/lib/gcc/arm-none-eabi/13.2.1/../../../arm-none-eabi/lib/thumb/v6-m/nofp/libg_nano.a(libc_a-fflush.o)
                                                  /usr/lib/gcc/arm-none-eabi/13.2.1/../../../arm-none-eabi/lib/thumb/v6-m/nofp/libg_nano.a(libc_a-findfp.o)
_impure_ptr                                       /usr/lib/gcc/arm-none-eabi/13.2.1/../../../arm-none-eabi/lib/thumb/v6-m/nofp/libg_nano.a(libc_a-impure.o)
                                                  /usr/lib/gcc/arm-none-eabi/13.2.1/../../../arm-none-eabi/lib/thumb/v6-m/nofp/libg_nano.a(libc_a-reent.o)
                                                  /usr/lib/gcc/arm-none-eabi/13.2.1/../../../arm-none-eabi/lib/thumb/v6-m/nofp/libg_nano.a(libc_a-fflush.o)
_init                                             /usr/lib/gcc/arm-none-eabi/13.2.1/thumb/v6-m/nofp/crti.o
                                                  /usr/lib/gcc/arm-none-eabi/13.2.1/../../../arm-none-eabi/lib/thumb/v6-m/nofp/libg_nano.a(libc_a-init.o)
_isatty                                           objdir-CW308_STM32F0/hal.o
_kill                                             objdir-CW308_STM32F0/hal.o
_lseek                                            objdir-CW308_STM32F0/hal.o
                                                  /usr/lib/gcc/arm-none-eabi/13.2.1/../../../arm-none-eabi/lib/thumb/v6-m/nofp/libg_nano.a(libc_a-lseekr.o)
_lseek_r                                          /usr/lib/gcc/arm-none-eabi/13.2.1/../../../arm-none-eabi/lib/thumb/v6-m/nofp/libg_nano.a(libc_a-lseekr.o)
                                                  /usr/lib/gcc/arm-none-eabi/13.2.1/../../../arm-none-eabi/lib/thumb/v6-m/nofp/libg_nano.a(libc_a-stdio.o)
_mainCRTStartup                                   /usr/lib/gcc/arm-none-eabi/13.2.1/../../../arm-none-eabi/lib/thumb/v6-m/nofp/crt0.o
_malloc_r                                         /usr/lib/gcc/arm-none-eabi/13.2.1/../../../arm-none-eabi/lib/thumb/v6-m/nofp/libg_nano.a(libc_a-mallocr.o)
                                                  /usr/lib/gcc/arm-none-eabi/13.2.1/../../../arm-none-eabi/lib/thumb/v6-m/nofp/libg_nano.a(libc_a-findfp.o)
_read                                             objdir-CW308_STM32F0/hal.o
                                                  /usr/lib/gcc/arm-none-eabi/13.2.1/../../../arm-none-eabi/lib/thumb/v6-m/nofp/libg_nano.a(libc_a-readr.o)
_read_r                                           /usr/lib/gcc/arm-none-eabi/13.2.1/../../../arm-none-eabi/lib/thumb/v6-m/nofp/libg_nano.a(libc_a-readr.o)
                                                  /usr/lib/gcc/arm-none-eabi/13.2.1/../../../arm-none-eabi/lib/thumb/v6-m/nofp/libg_nano.a(libc_a-stdio.o)
_reclaim_reent                                    /usr/lib/gcc/arm-none-eabi/13.2.1/../../../arm-none-eabi/lib/thumb/v6-m/nofp/libg_nano.a(libc_a-reent.o)
_sbrk                                             /usr/lib/gcc/arm-none-eabi/13.2.1/../../../arm-none-eabi/lib/thumb/v6-m/nofp/libnosys.a(sbrk.o)
                                                  /usr/lib/gcc/arm-none-eabi/13.2.1/../../../arm-none-eabi/lib/thumb/v6-m/nofp/libg_nano.a(libc_a-sbrkr.o)
_sbrk_r                                           /usr/lib/gcc/arm-none-eabi/13.2.1/../../../arm-none-eabi/lib/thumb/v6-m/nofp/libg_nano.a(libc_a-sbrkr.o)
                                                  /usr/lib/gcc/arm-none-eabi/13.2.1/../../../arm-none-eabi/lib/thumb/v6-m/nofp/libg_nano.a(libc_a-mallocr.o)
_sbss                                             objdir-CW308_STM32F0/stm32f0_startup.o
_sdata                                            objdir-CW308_STM32F0/stm32f0_startup.o
_sidata                                           objdir-CW308_STM32F0/stm32f0_startup.o
_stack_init                                       /usr/lib/gcc/arm-none-eabi/13.2.1/../../../arm-none-eabi/lib/thumb/v6-m/nofp/crt0.o
_start                                            /usr/lib/gcc/arm-none-eabi/13.2.1/../../../arm-none-eabi/lib/thumb/v6-m/nofp/crt0.o
_write                                            objdir-CW308_STM32F0/hal.o
                                                  /usr/lib/gcc/arm-none-eabi/13.2.1/../../../arm-none-eabi/lib/thumb/v6-m/nofp/libg_nano.a(libc_a-writer.o)
_write_r                                          /usr/lib/gcc/arm-none-eabi/13.2.1/../../../arm-none-eabi/lib/thumb/v6-m/nofp/libg_nano.a(libc_a-writer.o)
                                                  /usr/lib/gcc/arm-none-eabi/13.2.1/../../../arm-none-eabi/lib/thumb/v6-m/nofp/libg_nano.a(libc_a-stdio.o)
aes_indep_enc                                     objdir-CW308_STM32F0/aes-independant.o
                                                  objdir-CW308_STM32F0/simpleserial-aes.o
aes_indep_enc_posttrigger                         objdir-CW308_STM32F0/aes-independant.o
                                                  objdir-CW308_STM32F0/simpleserial-aes.o
aes_indep_enc_pretrigger                          objdir-CW308_STM32F0/aes-independant.o
                                                  objdir-CW308_STM32F0/simpleserial-aes.o
aes_indep_init                                    objdir-CW308_STM32F0/aes-independant.o
                                                  objdir-CW308_STM32F0/simpleserial-aes.o
aes_indep_key                                     objdir-CW308_STM32F0/aes-independant.o
                                                  objdir-CW308_STM32F0/simpleserial-aes.o
aes_indep_mask                                    objdir-CW308_STM32F0/aes-independant.o
                                                  objdir-CW308_STM32F0/simpleserial-aes.o
atexit                                            /usr/lib/gcc/arm-none-eabi/13.2.1/../../../arm-none-eabi/lib/thumb/v6-m/nofp/libg_nano.a(libc_a-atexit.o)
                                                  /usr/lib/gcc/arm-none-eabi/13.2.1/../../../arm-none-eabi/lib/thumb/v6-m/nofp/crt0.o
check_version                                     objdir-CW308_STM32F0/simpleserial.o
dac_init                                          objdir-CW308_STM32F0/stm32f0_hal.o
                                                  objdir-CW308_STM32F0/simpleserial-aes.o
delay_cycles                                      objdir-CW308_STM32F0/stm32f0_hal.o
                                                  objdir-CW308_STM32F0/simpleserial-aes.o
enc_multi_getpt                                   objdir-CW308_STM32F0/simpleserial-aes.o
enc_multi_setnum                                  objdir-CW308_STM32F0/simpleserial-aes.o
enckey                                            objdir-CW308_STM32F0/aes-independant.o
end                                               /usr/lib/gcc/arm-none-eabi/13.2.1/../../../arm-none-eabi/lib/thumb/v6-m/nofp/libnosys.a(sbrk.o)
errno                                             /usr/lib/gcc/arm-none-eabi/13.2.1/../../../arm-none-eabi/lib/thumb/v6-m/nofp/libg_nano.a(libc_a-reent.o)
                                                  /usr/lib/gcc/arm-none-eabi/13.2.1/../../../arm-none-eabi/lib/thumb/v6-m/nofp/libg_nano.a(libc_a-writer.o)
                                                  /usr/lib/gcc/arm-none-eabi/13.2.1/../../../arm-none-eabi/lib/thumb/v6-m/nofp/libg_nano.a(libc_a-lseekr.o)
                                                  /usr/lib/gcc/arm-none-eabi/13.2.1/../../../arm-none-eabi/lib/thumb/v6-m/nofp/libg_nano.a(libc_a-readr.o)
                                                  /usr/lib/gcc/arm-none-eabi/13.2.1/../../../arm-none-eabi/lib/thumb/v6-m/nofp/libg_nano.a(libc_a-closer.o)
                                                  /usr/lib/gcc/arm-none-eabi/13.2.1/../../../arm-none-eabi/lib/thumb/v6-m/nofp/libg_nano.a(libc_a-sbrkr.o)
exit                                              /usr/lib/gcc/arm-none-eabi/13.2.1/../../../arm-none-eabi/lib/thumb/v6-m/nofp/libg_nano.a(libc_a-exit.o)
                                                  /usr/lib/gcc/arm-none-eabi/13.2.1/../../../arm-none-eabi/lib/thumb/v6-m/nofp/crt0.o
fflush                                            /usr/lib/gcc/arm-none-eabi/13.2.1/../../../arm-none-eabi/lib/thumb/v6-m/nofp/libg_nano.a(libc_a-fflush.o)
g_pfnVectors                                      objdir-CW308_STM32F0/stm32f0_startup.o
get_key                                           objdir-CW308_STM32F0/simpleserial-aes.o
get_mask                                          objdir-CW308_STM32F0/simpleserial-aes.o
get_pt                                            objdir-CW308_STM32F0/simpleserial-aes.o
getch                                             objdir-CW308_STM32F0/stm32f0_hal.o
                                                  objdir-CW308_STM32F0/simpleserial.o
hardware_init_hook                                /usr/lib/gcc/arm-none-eabi/13.2.1/../../../arm-none-eabi/lib/thumb/v6-m/nofp/crt0.o
hex_decode                                        objdir-CW308_STM32F0/simpleserial.o
init_uart                                         objdir-CW308_STM32F0/stm32f0_hal.o
                                                  objdir-CW308_STM32F0/simpleserial-aes.o
led_error                                         objdir-CW308_STM32F0/hal.o
led_ok                                            objdir-CW308_STM32F0/hal.o
main                                              objdir-CW308_STM32F0/simpleserial-aes.o
                                                  objdir-CW308_STM32F0/stm32f0_startup.o
                                                  /usr/lib/gcc/arm-none-eabi/13.2.1/../../../arm-none-eabi/lib/thumb/v6-m/nofp/crt0.o
malloc                                            /usr/lib/gcc/arm-none-eabi/13.2.1/../../../arm-none-eabi/lib/thumb/v6-m/nofp/libg_nano.a(libc_a-__atexit.o)
memcpy                                            /usr/lib/gcc/arm-none-eabi/13.2.1/../../../arm-none-eabi/lib/thumb/v6-m/nofp/libg_nano.a(libc_a-memcpy-stub.o)
                                                  objdir-CW308_STM32F0/aes.o
                                                  objdir-CW308_STM32F0/simpleserial-aes.o
memset                                            /usr/lib/gcc/arm-none-eabi/13.2.1/../../../arm-none-eabi/lib/thumb/v6-m/nofp/libg_nano.a(libc_a-memset.o)
                                                  /usr/lib/gcc/arm-none-eabi/13.2.1/../../../arm-none-eabi/lib/thumb/v6-m/nofp/libg_nano.a(libc_a-findfp.o)
                                                  /usr/lib/gcc/arm-none-eabi/13.2.1/../../../arm-none-eabi/lib/thumb/v6-m/nofp/crt0.o
platform_init                                     objdir-CW308_STM32F0/stm32f0_hal.o
                                                  objdir-CW308_STM32F0/simpleserial-aes.o
putch                                             objdir-CW308_STM32F0/stm32f0_hal.o
                                                  objdir-CW308_STM32F0/simpleserial.o
reset                                             objdir-CW308_STM32F0/simpleserial-aes.o
rsbox                                             objdir-CW308_STM32F0/aes.o
sbox                                              objdir-CW308_STM32F0/aes.o
set_dac                                           objdir-CW308_STM32F0/stm32f0_hal.o
                                                  objdir-CW308_STM32F0/simpleserial-aes.o
simpleserial_addcmd                               objdir-CW308_STM32F0/simpleserial.o
                                                  objdir-CW308_STM32F0/simpleserial-aes.o
simpleserial_addcmd_flags                         objdir-CW308_STM32F0/simpleserial.o
                                                  objdir-CW308_STM32F0/simpleserial-aes.o
simpleserial_get                                  objdir-CW308_STM32F0/simpleserial.o
                                                  objdir-CW308_STM32F0/simpleserial-aes.o
simpleserial_init                                 objdir-CW308_STM32F0/simpleserial.o
                                                  objdir-CW308_STM32F0/simpleserial-aes.o
simpleserial_put                                  objdir-CW308_STM32F0/simpleserial.o
                                                  objdir-CW308_STM32F0/simpleserial-aes.o
software_init_hook                                /usr/lib/gcc/arm-none-eabi/13.2.1/../../../arm-none-eabi/lib/thumb/v6-m/nofp/crt0.o
ss_crc                                            objdir-CW308_STM32F0/simpleserial.o
ss_get_commands                                   objdir-CW308_STM32F0/simpleserial.o
ss_num_commands                                   objdir-CW308_STM32F0/simpleserial.o
trigger_high                                      objdir-CW308_STM32F0/stm32f0_hal.o
                                                  objdir-CW308_STM32F0/simpleserial-aes.o
trigger_low                                       objdir-CW308_STM32F0/stm32f0_hal.o
                                                  objdir-CW308_STM32F0/simpleserial-aes.o
trigger_setup                                     objdir-CW308_STM32F0/stm32f0_hal.o
                                                  objdir-CW308_STM32F0/simpleserial-aes.o
