   1              		.cpu cortex-m0
   2              		.arch armv6s-m
   3              		.fpu softvfp
   4              		.eabi_attribute 20, 1
   5              		.eabi_attribute 21, 1
   6              		.eabi_attribute 23, 3
   7              		.eabi_attribute 24, 1
   8              		.eabi_attribute 25, 1
   9              		.eabi_attribute 26, 1
  10              		.eabi_attribute 30, 4
  11              		.eabi_attribute 34, 0
  12              		.eabi_attribute 18, 4
  13              		.file	"simpleserial.c"
  14              		.text
  15              	.Ltext0:
  16              		.cfi_sections	.debug_frame
  17              		.file 1 ".././simpleserial/simpleserial.c"
  18              		.section	.text.check_version,"ax",%progbits
  19              		.align	1
  20              		.global	check_version
  21              		.syntax unified
  22              		.code	16
  23              		.thumb_func
  25              	check_version:
  26              	.LVL0:
  27              	.LFB1:
   1:.././simpleserial/simpleserial.c **** // simpleserial.c
   2:.././simpleserial/simpleserial.c **** 
   3:.././simpleserial/simpleserial.c **** #include "simpleserial.h"
   4:.././simpleserial/simpleserial.c **** #include <stdint.h>
   5:.././simpleserial/simpleserial.c **** #include "hal.h"
   6:.././simpleserial/simpleserial.c **** 
   7:.././simpleserial/simpleserial.c **** 
   8:.././simpleserial/simpleserial.c **** #define MAX_SS_CMDS 32
   9:.././simpleserial/simpleserial.c **** static int num_commands = 0;
  10:.././simpleserial/simpleserial.c **** 
  11:.././simpleserial/simpleserial.c **** 
  12:.././simpleserial/simpleserial.c **** //#define SS_VER_1_0 0
  13:.././simpleserial/simpleserial.c **** //#define SS_VER_1_1 1
  14:.././simpleserial/simpleserial.c **** //#define SS_VER_2_0 2
  15:.././simpleserial/simpleserial.c **** 
  16:.././simpleserial/simpleserial.c **** 
  17:.././simpleserial/simpleserial.c **** // 0xA6 formerly 
  18:.././simpleserial/simpleserial.c **** #define CW_CRC 0x4D 
  19:.././simpleserial/simpleserial.c **** uint8_t ss_crc(uint8_t *buf, uint8_t len)
  20:.././simpleserial/simpleserial.c **** {
  21:.././simpleserial/simpleserial.c **** 	unsigned int k = 0;
  22:.././simpleserial/simpleserial.c **** 	uint8_t crc = 0x00;
  23:.././simpleserial/simpleserial.c **** 	while (len--) {
  24:.././simpleserial/simpleserial.c **** 		crc ^= *buf++;
  25:.././simpleserial/simpleserial.c **** 		for (k = 0; k < 8; k++) {
  26:.././simpleserial/simpleserial.c **** 			crc = crc & 0x80 ? (crc << 1) ^ CW_CRC: crc << 1;
  27:.././simpleserial/simpleserial.c **** 		}
  28:.././simpleserial/simpleserial.c **** 	}
  29:.././simpleserial/simpleserial.c **** 	return crc;
  30:.././simpleserial/simpleserial.c **** 
  31:.././simpleserial/simpleserial.c **** }
  32:.././simpleserial/simpleserial.c **** 
  33:.././simpleserial/simpleserial.c **** // [B_STUFF, CMD, SCMD, LEN, B_STUFF, DATA..., CRC, TERM]
  34:.././simpleserial/simpleserial.c **** 
  35:.././simpleserial/simpleserial.c **** //#define SS_VER SS_VER_2_0
  36:.././simpleserial/simpleserial.c **** #if SS_VER == SS_VER_2_0
  37:.././simpleserial/simpleserial.c **** #error "SS_VER_2_0 is deprecated! Use SS_VER_2_1 instead."
  38:.././simpleserial/simpleserial.c **** #elif SS_VER == SS_VER_2_1
  39:.././simpleserial/simpleserial.c **** 
  40:.././simpleserial/simpleserial.c **** #define MAX_SS_LEN 249
  41:.././simpleserial/simpleserial.c **** 
  42:.././simpleserial/simpleserial.c **** int hex_decode(int len, char* ascii_buf, uint8_t* data_buf)
  43:.././simpleserial/simpleserial.c **** {
  44:.././simpleserial/simpleserial.c **** 	for(int i = 0; i < len; i++)
  45:.././simpleserial/simpleserial.c **** 	{
  46:.././simpleserial/simpleserial.c **** 		char n_hi = ascii_buf[2*i];
  47:.././simpleserial/simpleserial.c **** 		char n_lo = ascii_buf[2*i+1];
  48:.././simpleserial/simpleserial.c **** 
  49:.././simpleserial/simpleserial.c **** 		if(n_lo >= '0' && n_lo <= '9')
  50:.././simpleserial/simpleserial.c **** 			data_buf[i] = n_lo - '0';
  51:.././simpleserial/simpleserial.c **** 		else if(n_lo >= 'A' && n_lo <= 'F')
  52:.././simpleserial/simpleserial.c **** 			data_buf[i] = n_lo - 'A' + 10;
  53:.././simpleserial/simpleserial.c **** 		else if(n_lo >= 'a' && n_lo <= 'f')
  54:.././simpleserial/simpleserial.c **** 			data_buf[i] = n_lo - 'a' + 10;
  55:.././simpleserial/simpleserial.c **** 		else
  56:.././simpleserial/simpleserial.c **** 			return 1;
  57:.././simpleserial/simpleserial.c **** 
  58:.././simpleserial/simpleserial.c **** 		if(n_hi >= '0' && n_hi <= '9')
  59:.././simpleserial/simpleserial.c **** 			data_buf[i] |= (n_hi - '0') << 4;
  60:.././simpleserial/simpleserial.c **** 		else if(n_hi >= 'A' && n_hi <= 'F')
  61:.././simpleserial/simpleserial.c **** 			data_buf[i] |= (n_hi - 'A' + 10) << 4;
  62:.././simpleserial/simpleserial.c **** 		else if(n_hi >= 'a' && n_hi <= 'f')
  63:.././simpleserial/simpleserial.c **** 			data_buf[i] |= (n_hi - 'a' + 10) << 4;
  64:.././simpleserial/simpleserial.c **** 		else
  65:.././simpleserial/simpleserial.c **** 			return 1;
  66:.././simpleserial/simpleserial.c **** 	}
  67:.././simpleserial/simpleserial.c **** 
  68:.././simpleserial/simpleserial.c **** 	return 0;
  69:.././simpleserial/simpleserial.c **** }
  70:.././simpleserial/simpleserial.c **** 
  71:.././simpleserial/simpleserial.c **** typedef struct ss_cmd
  72:.././simpleserial/simpleserial.c **** {
  73:.././simpleserial/simpleserial.c **** 	char c;
  74:.././simpleserial/simpleserial.c **** 	unsigned int len;
  75:.././simpleserial/simpleserial.c **** 	uint8_t (*fp)(uint8_t, uint8_t, uint8_t, uint8_t *);
  76:.././simpleserial/simpleserial.c **** } ss_cmd;
  77:.././simpleserial/simpleserial.c **** static ss_cmd commands[MAX_SS_CMDS];
  78:.././simpleserial/simpleserial.c **** 
  79:.././simpleserial/simpleserial.c **** void ss_puts(char *x)
  80:.././simpleserial/simpleserial.c **** {
  81:.././simpleserial/simpleserial.c **** 	do {
  82:.././simpleserial/simpleserial.c **** 		putch(*x);
  83:.././simpleserial/simpleserial.c **** 	} while (*++x);
  84:.././simpleserial/simpleserial.c **** }
  85:.././simpleserial/simpleserial.c **** 
  86:.././simpleserial/simpleserial.c **** #define FRAME_BYTE 0x00
  87:.././simpleserial/simpleserial.c **** 
  88:.././simpleserial/simpleserial.c **** uint8_t check_version(uint8_t cmd, uint8_t scmd, uint8_t len, uint8_t *data)
  89:.././simpleserial/simpleserial.c **** {
  90:.././simpleserial/simpleserial.c **** 	uint8_t ver = SS_VER;
  91:.././simpleserial/simpleserial.c **** 	simpleserial_put('r', 1, &ver);
  92:.././simpleserial/simpleserial.c **** 	return SS_ERR_OK;
  93:.././simpleserial/simpleserial.c **** }
  94:.././simpleserial/simpleserial.c **** 
  95:.././simpleserial/simpleserial.c **** uint8_t ss_get_commands(uint8_t cmd, uint8_t scmd, uint8_t len, uint8_t *data)
  96:.././simpleserial/simpleserial.c **** {
  97:.././simpleserial/simpleserial.c ****     uint8_t cmd_chars[MAX_SS_CMDS];
  98:.././simpleserial/simpleserial.c ****     for (uint8_t i = 0; i < (num_commands & 0xFF); i++) {
  99:.././simpleserial/simpleserial.c ****         cmd_chars[i] = commands[i].c;
 100:.././simpleserial/simpleserial.c ****     }
 101:.././simpleserial/simpleserial.c **** 
 102:.././simpleserial/simpleserial.c ****     simpleserial_put('r', num_commands & 0xFF, (void *)cmd_chars);
 103:.././simpleserial/simpleserial.c ****     return 0x00;
 104:.././simpleserial/simpleserial.c **** 
 105:.././simpleserial/simpleserial.c **** }
 106:.././simpleserial/simpleserial.c **** 
 107:.././simpleserial/simpleserial.c **** uint8_t stuff_data(uint8_t *buf, uint8_t len)
 108:.././simpleserial/simpleserial.c **** {
 109:.././simpleserial/simpleserial.c **** 	uint8_t i = 1;
 110:.././simpleserial/simpleserial.c **** 	uint8_t last = 0;
 111:.././simpleserial/simpleserial.c **** 	for (; i < len; i++) {
 112:.././simpleserial/simpleserial.c **** 		if (buf[i] == FRAME_BYTE) {
 113:.././simpleserial/simpleserial.c **** 			buf[last] = i - last;
 114:.././simpleserial/simpleserial.c **** 			last = i;
 115:.././simpleserial/simpleserial.c **** 		}
 116:.././simpleserial/simpleserial.c **** 	}
 117:.././simpleserial/simpleserial.c **** 	return 0x00;
 118:.././simpleserial/simpleserial.c **** }
 119:.././simpleserial/simpleserial.c **** 
 120:.././simpleserial/simpleserial.c **** uint8_t unstuff_data(uint8_t *buf, uint8_t len)
 121:.././simpleserial/simpleserial.c **** {
 122:.././simpleserial/simpleserial.c **** 	uint8_t next = buf[0];
 123:.././simpleserial/simpleserial.c **** 	buf[0] = 0x00;
 124:.././simpleserial/simpleserial.c **** 	//len -= 1;
 125:.././simpleserial/simpleserial.c **** 	uint8_t tmp = next;
 126:.././simpleserial/simpleserial.c **** 	while ((next < len) && tmp != 0) {
 127:.././simpleserial/simpleserial.c **** 		tmp = buf[next];
 128:.././simpleserial/simpleserial.c **** 		buf[next] = FRAME_BYTE;
 129:.././simpleserial/simpleserial.c **** 		next += tmp;
 130:.././simpleserial/simpleserial.c **** 	}
 131:.././simpleserial/simpleserial.c **** 	return next;
 132:.././simpleserial/simpleserial.c **** }
 133:.././simpleserial/simpleserial.c **** 
 134:.././simpleserial/simpleserial.c **** // Set up the SimpleSerial module by preparing internal commands
 135:.././simpleserial/simpleserial.c **** // This just adds the "v" command for now...
 136:.././simpleserial/simpleserial.c **** void simpleserial_init()
 137:.././simpleserial/simpleserial.c **** {
 138:.././simpleserial/simpleserial.c **** 	simpleserial_addcmd('v', 0, check_version);
 139:.././simpleserial/simpleserial.c ****     simpleserial_addcmd('w', 0, ss_get_commands);
 140:.././simpleserial/simpleserial.c **** }
 141:.././simpleserial/simpleserial.c **** 
 142:.././simpleserial/simpleserial.c **** int simpleserial_addcmd(char c, unsigned int len, uint8_t (*fp)(uint8_t, uint8_t, uint8_t, uint8_t*
 143:.././simpleserial/simpleserial.c **** {
 144:.././simpleserial/simpleserial.c **** 	if(num_commands >= MAX_SS_CMDS) {
 145:.././simpleserial/simpleserial.c **** 		putch('a');
 146:.././simpleserial/simpleserial.c **** 		return 1;
 147:.././simpleserial/simpleserial.c **** 	}
 148:.././simpleserial/simpleserial.c **** 
 149:.././simpleserial/simpleserial.c **** 	if(len >= MAX_SS_LEN) {
 150:.././simpleserial/simpleserial.c **** 		putch('b');
 151:.././simpleserial/simpleserial.c **** 		return 1;
 152:.././simpleserial/simpleserial.c **** 	}
 153:.././simpleserial/simpleserial.c **** 
 154:.././simpleserial/simpleserial.c **** 	commands[num_commands].c   = c;
 155:.././simpleserial/simpleserial.c **** 	commands[num_commands].len = len;
 156:.././simpleserial/simpleserial.c **** 	commands[num_commands].fp  = fp;
 157:.././simpleserial/simpleserial.c **** 	num_commands++;
 158:.././simpleserial/simpleserial.c **** 
 159:.././simpleserial/simpleserial.c **** 	return 0;
 160:.././simpleserial/simpleserial.c **** }
 161:.././simpleserial/simpleserial.c **** 
 162:.././simpleserial/simpleserial.c **** void simpleserial_get(void)
 163:.././simpleserial/simpleserial.c **** {
 164:.././simpleserial/simpleserial.c **** 	uint8_t data_buf[MAX_SS_LEN];
 165:.././simpleserial/simpleserial.c **** 	uint8_t err = 0;
 166:.././simpleserial/simpleserial.c **** 
 167:.././simpleserial/simpleserial.c **** 	for (int i = 0; i < 4; i++) {
 168:.././simpleserial/simpleserial.c **** 		data_buf[i] = getch(); //PTR, cmd, scmd, len
 169:.././simpleserial/simpleserial.c **** 		if (data_buf[i] == FRAME_BYTE) {
 170:.././simpleserial/simpleserial.c **** 			err = SS_ERR_FRAME_BYTE;
 171:.././simpleserial/simpleserial.c **** 			goto ERROR;
 172:.././simpleserial/simpleserial.c **** 		}
 173:.././simpleserial/simpleserial.c **** 	}
 174:.././simpleserial/simpleserial.c **** 	uint8_t next_frame = unstuff_data(data_buf, 4);
 175:.././simpleserial/simpleserial.c **** 
 176:.././simpleserial/simpleserial.c **** 	// check for valid command
 177:.././simpleserial/simpleserial.c **** 	uint8_t c = 0;
 178:.././simpleserial/simpleserial.c **** 	for(c = 0; c < num_commands; c++)
 179:.././simpleserial/simpleserial.c **** 	{
 180:.././simpleserial/simpleserial.c **** 		if(commands[c].c == data_buf[1])
 181:.././simpleserial/simpleserial.c **** 			break;
 182:.././simpleserial/simpleserial.c **** 	}
 183:.././simpleserial/simpleserial.c **** 
 184:.././simpleserial/simpleserial.c **** 	if (c == num_commands) {
 185:.././simpleserial/simpleserial.c **** 		err = SS_ERR_CMD;
 186:.././simpleserial/simpleserial.c **** 		goto ERROR;
 187:.././simpleserial/simpleserial.c **** 	}
 188:.././simpleserial/simpleserial.c **** 
 189:.././simpleserial/simpleserial.c **** 	//check that next frame not beyond end of message
 190:.././simpleserial/simpleserial.c **** 	// account for cmd, scmd, len, data, crc, end of frame
 191:.././simpleserial/simpleserial.c **** 	if ((data_buf[3] + 5) < next_frame) {
 192:.././simpleserial/simpleserial.c **** 		err = SS_ERR_LEN;
 193:.././simpleserial/simpleserial.c **** 		goto ERROR;
 194:.././simpleserial/simpleserial.c **** 	}
 195:.././simpleserial/simpleserial.c **** 
 196:.././simpleserial/simpleserial.c **** 	// read in data
 197:.././simpleserial/simpleserial.c **** 	// eq to len + crc + frame end
 198:.././simpleserial/simpleserial.c **** 	int i = 4;
 199:.././simpleserial/simpleserial.c **** 	for (; i < data_buf[3] + 5; i++) {
 200:.././simpleserial/simpleserial.c **** 		data_buf[i] = getch();
 201:.././simpleserial/simpleserial.c **** 		if (data_buf[i] == FRAME_BYTE) {
 202:.././simpleserial/simpleserial.c **** 			err = SS_ERR_FRAME_BYTE;
 203:.././simpleserial/simpleserial.c **** 			goto ERROR;
 204:.././simpleserial/simpleserial.c **** 		}
 205:.././simpleserial/simpleserial.c **** 	}
 206:.././simpleserial/simpleserial.c **** 
 207:.././simpleserial/simpleserial.c **** 	//check that final byte is the FRAME_BYTE
 208:.././simpleserial/simpleserial.c **** 	data_buf[i] = getch();
 209:.././simpleserial/simpleserial.c **** 	if (data_buf[i] != FRAME_BYTE) {
 210:.././simpleserial/simpleserial.c **** 		err = SS_ERR_LEN;
 211:.././simpleserial/simpleserial.c **** 		goto ERROR;
 212:.././simpleserial/simpleserial.c **** 	}
 213:.././simpleserial/simpleserial.c **** 
 214:.././simpleserial/simpleserial.c **** 	//fully unstuff data now
 215:.././simpleserial/simpleserial.c **** 	unstuff_data(data_buf + next_frame, i - next_frame + 1);
 216:.././simpleserial/simpleserial.c **** 
 217:.././simpleserial/simpleserial.c **** 	//calc crc excluding original frame offset and frame end and crc
 218:.././simpleserial/simpleserial.c **** 	uint8_t crc = ss_crc(data_buf+1, i-2);
 219:.././simpleserial/simpleserial.c **** 	if (crc != data_buf[i-1]) {
 220:.././simpleserial/simpleserial.c **** 		err = SS_ERR_CRC;
 221:.././simpleserial/simpleserial.c **** 		goto ERROR;
 222:.././simpleserial/simpleserial.c **** 	}
 223:.././simpleserial/simpleserial.c **** 
 224:.././simpleserial/simpleserial.c **** 	err = commands[c].fp(data_buf[1], data_buf[2], data_buf[3], data_buf+4);
 225:.././simpleserial/simpleserial.c **** 
 226:.././simpleserial/simpleserial.c **** ERROR:
 227:.././simpleserial/simpleserial.c **** 	simpleserial_put('e', 0x01, &err);
 228:.././simpleserial/simpleserial.c **** 	return;
 229:.././simpleserial/simpleserial.c **** }
 230:.././simpleserial/simpleserial.c **** 
 231:.././simpleserial/simpleserial.c **** void simpleserial_put(char c, uint8_t size, uint8_t* output)
 232:.././simpleserial/simpleserial.c **** {
 233:.././simpleserial/simpleserial.c ****     if (!output) return;
 234:.././simpleserial/simpleserial.c **** 	uint8_t data_buf[MAX_SS_LEN+5];
 235:.././simpleserial/simpleserial.c **** 	data_buf[0] = 0x00;
 236:.././simpleserial/simpleserial.c **** 	data_buf[1] = c;
 237:.././simpleserial/simpleserial.c **** 	data_buf[2] = size;
 238:.././simpleserial/simpleserial.c **** 	int i = 0;
 239:.././simpleserial/simpleserial.c **** 	for (; i < size; i++) {
 240:.././simpleserial/simpleserial.c **** 		data_buf[i + 3] = output[i];
 241:.././simpleserial/simpleserial.c **** 	}
 242:.././simpleserial/simpleserial.c **** 	data_buf[i + 3] = ss_crc(data_buf+1, size+2);
 243:.././simpleserial/simpleserial.c **** 	data_buf[i + 4] = 0x00;
 244:.././simpleserial/simpleserial.c **** 	stuff_data(data_buf, i + 5);
 245:.././simpleserial/simpleserial.c **** 	for (int i = 0; i < size + 5; i++) {
 246:.././simpleserial/simpleserial.c **** 		putch(data_buf[i]);
 247:.././simpleserial/simpleserial.c **** 	}
 248:.././simpleserial/simpleserial.c **** }
 249:.././simpleserial/simpleserial.c **** 
 250:.././simpleserial/simpleserial.c **** 
 251:.././simpleserial/simpleserial.c **** #else
 252:.././simpleserial/simpleserial.c **** 
 253:.././simpleserial/simpleserial.c **** #define MAX_SS_LEN 64
 254:.././simpleserial/simpleserial.c **** 
 255:.././simpleserial/simpleserial.c **** typedef struct ss_cmd
 256:.././simpleserial/simpleserial.c **** {
 257:.././simpleserial/simpleserial.c **** 	char c;
 258:.././simpleserial/simpleserial.c **** 	unsigned int len;
 259:.././simpleserial/simpleserial.c **** 	uint8_t (*fp)(uint8_t*, uint8_t);
 260:.././simpleserial/simpleserial.c **** 	uint8_t flags;
 261:.././simpleserial/simpleserial.c **** } ss_cmd;
 262:.././simpleserial/simpleserial.c **** static ss_cmd commands[MAX_SS_CMDS];
 263:.././simpleserial/simpleserial.c **** // Callback function for "v" command.
 264:.././simpleserial/simpleserial.c **** // This can exist in v1.0 as long as we don't actually send back an ack ("z")
 265:.././simpleserial/simpleserial.c **** uint8_t check_version(uint8_t *v, uint8_t len)
 266:.././simpleserial/simpleserial.c **** {
  28              		.loc 1 266 1 view -0
  29              		.cfi_startproc
  30              		@ args = 0, pretend = 0, frame = 0
  31              		@ frame_needed = 0, uses_anonymous_args = 0
  32              		@ link register save eliminated.
 267:.././simpleserial/simpleserial.c **** 	return SS_VER;
  33              		.loc 1 267 2 view .LVU1
 268:.././simpleserial/simpleserial.c **** }
  34              		.loc 1 268 1 is_stmt 0 view .LVU2
  35 0000 0120     		movs	r0, #1
  36              	.LVL1:
  37              		.loc 1 268 1 view .LVU3
  38              		@ sp needed
  39 0002 7047     		bx	lr
  40              		.cfi_endproc
  41              	.LFE1:
  43              		.section	.text.simpleserial_put.part.0,"ax",%progbits
  44              		.align	1
  45              		.syntax unified
  46              		.code	16
  47              		.thumb_func
  49              	simpleserial_put.part.0:
  50              	.LVL2:
  51              	.LFB10:
 269:.././simpleserial/simpleserial.c **** 
 270:.././simpleserial/simpleserial.c **** uint8_t ss_num_commands(uint8_t *x, uint8_t len)
 271:.././simpleserial/simpleserial.c **** {
 272:.././simpleserial/simpleserial.c ****     uint8_t ncmds = num_commands & 0xFF;
 273:.././simpleserial/simpleserial.c ****     simpleserial_put('r', 0x01, &ncmds);
 274:.././simpleserial/simpleserial.c ****     return 0x00;
 275:.././simpleserial/simpleserial.c **** }
 276:.././simpleserial/simpleserial.c **** 
 277:.././simpleserial/simpleserial.c **** typedef struct ss_cmd_repr {
 278:.././simpleserial/simpleserial.c ****     uint8_t c;
 279:.././simpleserial/simpleserial.c ****     uint8_t len;
 280:.././simpleserial/simpleserial.c ****     uint8_t flags;
 281:.././simpleserial/simpleserial.c **** } ss_cmd_repr;
 282:.././simpleserial/simpleserial.c **** 
 283:.././simpleserial/simpleserial.c **** uint8_t ss_get_commands(uint8_t *x, uint8_t len)
 284:.././simpleserial/simpleserial.c **** {
 285:.././simpleserial/simpleserial.c ****     ss_cmd_repr repr_cmd_buf[MAX_SS_CMDS];
 286:.././simpleserial/simpleserial.c ****     for (uint8_t i = 0; i < (num_commands & 0xFF); i++) {
 287:.././simpleserial/simpleserial.c ****         repr_cmd_buf[i].c = commands[i].c;
 288:.././simpleserial/simpleserial.c ****         repr_cmd_buf[i].len = commands[i].len;
 289:.././simpleserial/simpleserial.c ****         repr_cmd_buf[i].flags = commands[i].flags;
 290:.././simpleserial/simpleserial.c ****     }
 291:.././simpleserial/simpleserial.c **** 
 292:.././simpleserial/simpleserial.c ****     simpleserial_put('r', num_commands * sizeof (ss_cmd_repr), (void *) repr_cmd_buf);
 293:.././simpleserial/simpleserial.c ****     return 0x00;
 294:.././simpleserial/simpleserial.c **** }
 295:.././simpleserial/simpleserial.c **** 
 296:.././simpleserial/simpleserial.c **** static char hex_lookup[16] =
 297:.././simpleserial/simpleserial.c **** {
 298:.././simpleserial/simpleserial.c **** 	'0', '1', '2', '3', '4', '5', '6', '7',
 299:.././simpleserial/simpleserial.c **** 	'8', '9', 'A', 'B', 'C', 'D', 'E', 'F'
 300:.././simpleserial/simpleserial.c **** };
 301:.././simpleserial/simpleserial.c **** 
 302:.././simpleserial/simpleserial.c **** int hex_decode(int len, char* ascii_buf, uint8_t* data_buf)
 303:.././simpleserial/simpleserial.c **** {
 304:.././simpleserial/simpleserial.c **** 	for(int i = 0; i < len; i++)
 305:.././simpleserial/simpleserial.c **** 	{
 306:.././simpleserial/simpleserial.c **** 		char n_hi = ascii_buf[2*i];
 307:.././simpleserial/simpleserial.c **** 		char n_lo = ascii_buf[2*i+1];
 308:.././simpleserial/simpleserial.c **** 
 309:.././simpleserial/simpleserial.c **** 		if(n_lo >= '0' && n_lo <= '9')
 310:.././simpleserial/simpleserial.c **** 			data_buf[i] = n_lo - '0';
 311:.././simpleserial/simpleserial.c **** 		else if(n_lo >= 'A' && n_lo <= 'F')
 312:.././simpleserial/simpleserial.c **** 			data_buf[i] = n_lo - 'A' + 10;
 313:.././simpleserial/simpleserial.c **** 		else if(n_lo >= 'a' && n_lo <= 'f')
 314:.././simpleserial/simpleserial.c **** 			data_buf[i] = n_lo - 'a' + 10;
 315:.././simpleserial/simpleserial.c **** 		else
 316:.././simpleserial/simpleserial.c **** 			return 1;
 317:.././simpleserial/simpleserial.c **** 
 318:.././simpleserial/simpleserial.c **** 		if(n_hi >= '0' && n_hi <= '9')
 319:.././simpleserial/simpleserial.c **** 			data_buf[i] |= (n_hi - '0') << 4;
 320:.././simpleserial/simpleserial.c **** 		else if(n_hi >= 'A' && n_hi <= 'F')
 321:.././simpleserial/simpleserial.c **** 			data_buf[i] |= (n_hi - 'A' + 10) << 4;
 322:.././simpleserial/simpleserial.c **** 		else if(n_hi >= 'a' && n_hi <= 'f')
 323:.././simpleserial/simpleserial.c **** 			data_buf[i] |= (n_hi - 'a' + 10) << 4;
 324:.././simpleserial/simpleserial.c **** 		else
 325:.././simpleserial/simpleserial.c **** 			return 1;
 326:.././simpleserial/simpleserial.c **** 	}
 327:.././simpleserial/simpleserial.c **** 
 328:.././simpleserial/simpleserial.c **** 	return 0;
 329:.././simpleserial/simpleserial.c **** }
 330:.././simpleserial/simpleserial.c **** 
 331:.././simpleserial/simpleserial.c **** 
 332:.././simpleserial/simpleserial.c **** 
 333:.././simpleserial/simpleserial.c **** // Set up the SimpleSerial module by preparing internal commands
 334:.././simpleserial/simpleserial.c **** // This just adds the "v" command for now...
 335:.././simpleserial/simpleserial.c **** void simpleserial_init()
 336:.././simpleserial/simpleserial.c **** {
 337:.././simpleserial/simpleserial.c **** 	simpleserial_addcmd('v', 0, check_version);
 338:.././simpleserial/simpleserial.c ****     simpleserial_addcmd('w', 0, ss_get_commands);
 339:.././simpleserial/simpleserial.c ****     simpleserial_addcmd('y', 0, ss_num_commands);
 340:.././simpleserial/simpleserial.c **** }
 341:.././simpleserial/simpleserial.c **** 
 342:.././simpleserial/simpleserial.c **** int simpleserial_addcmd(char c, unsigned int len, uint8_t (*fp)(uint8_t*, uint8_t))
 343:.././simpleserial/simpleserial.c **** {
 344:.././simpleserial/simpleserial.c **** 	return simpleserial_addcmd_flags(c, len, fp, CMD_FLAG_NONE);
 345:.././simpleserial/simpleserial.c **** }
 346:.././simpleserial/simpleserial.c **** 
 347:.././simpleserial/simpleserial.c **** int simpleserial_addcmd_flags(char c, unsigned int len, uint8_t (*fp)(uint8_t*, uint8_t), uint8_t f
 348:.././simpleserial/simpleserial.c **** {
 349:.././simpleserial/simpleserial.c **** 	if(num_commands >= MAX_SS_CMDS)
 350:.././simpleserial/simpleserial.c **** 		return 1;
 351:.././simpleserial/simpleserial.c **** 
 352:.././simpleserial/simpleserial.c **** 	if(len >= MAX_SS_LEN)
 353:.././simpleserial/simpleserial.c **** 		return 1;
 354:.././simpleserial/simpleserial.c **** 
 355:.././simpleserial/simpleserial.c **** 	commands[num_commands].c   = c;
 356:.././simpleserial/simpleserial.c **** 	commands[num_commands].len = len;
 357:.././simpleserial/simpleserial.c **** 	commands[num_commands].fp  = fp;
 358:.././simpleserial/simpleserial.c **** 	commands[num_commands].flags = fl;
 359:.././simpleserial/simpleserial.c **** 	num_commands++;
 360:.././simpleserial/simpleserial.c **** 
 361:.././simpleserial/simpleserial.c **** 	return 0;
 362:.././simpleserial/simpleserial.c **** }
 363:.././simpleserial/simpleserial.c **** 
 364:.././simpleserial/simpleserial.c **** void simpleserial_get(void)
 365:.././simpleserial/simpleserial.c **** {
 366:.././simpleserial/simpleserial.c **** 	char ascii_buf[2*MAX_SS_LEN];
 367:.././simpleserial/simpleserial.c **** 	uint8_t data_buf[MAX_SS_LEN];
 368:.././simpleserial/simpleserial.c **** 	char c;
 369:.././simpleserial/simpleserial.c **** 
 370:.././simpleserial/simpleserial.c **** 	// Find which command we're receiving
 371:.././simpleserial/simpleserial.c **** 	c = getch();
 372:.././simpleserial/simpleserial.c **** 
 373:.././simpleserial/simpleserial.c **** 	int cmd;
 374:.././simpleserial/simpleserial.c **** 	for(cmd = 0; cmd < num_commands; cmd++)
 375:.././simpleserial/simpleserial.c **** 	{
 376:.././simpleserial/simpleserial.c **** 		if(commands[cmd].c == c)
 377:.././simpleserial/simpleserial.c **** 			break;
 378:.././simpleserial/simpleserial.c **** 	}
 379:.././simpleserial/simpleserial.c **** 
 380:.././simpleserial/simpleserial.c **** 	// If we didn't find a match, give up right away
 381:.././simpleserial/simpleserial.c **** 	if(cmd == num_commands)
 382:.././simpleserial/simpleserial.c **** 		return;
 383:.././simpleserial/simpleserial.c **** 
 384:.././simpleserial/simpleserial.c **** 	// If flag CMD_FLAG_LEN is set, the next byte indicates the sent length
 385:.././simpleserial/simpleserial.c **** 	if ((commands[cmd].flags & CMD_FLAG_LEN) != 0)
 386:.././simpleserial/simpleserial.c **** 	{
 387:.././simpleserial/simpleserial.c **** 		uint8_t l = 0;
 388:.././simpleserial/simpleserial.c **** 		char buff[2];
 389:.././simpleserial/simpleserial.c **** 		buff[0] = getch();
 390:.././simpleserial/simpleserial.c **** 		buff[1] = getch();
 391:.././simpleserial/simpleserial.c **** 		if (hex_decode(1, buff, &l))
 392:.././simpleserial/simpleserial.c **** 			return;
 393:.././simpleserial/simpleserial.c **** 		commands[cmd].len = l;
 394:.././simpleserial/simpleserial.c **** 	}
 395:.././simpleserial/simpleserial.c **** 
 396:.././simpleserial/simpleserial.c **** 	// Receive characters until we fill the ASCII buffer
 397:.././simpleserial/simpleserial.c **** 	for(int i = 0; i < 2*commands[cmd].len; i++)
 398:.././simpleserial/simpleserial.c **** 	{
 399:.././simpleserial/simpleserial.c **** 		c = getch();
 400:.././simpleserial/simpleserial.c **** 
 401:.././simpleserial/simpleserial.c **** 		// Check for early \n
 402:.././simpleserial/simpleserial.c **** 		if(c == '\n' || c == '\r')
 403:.././simpleserial/simpleserial.c **** 			return;
 404:.././simpleserial/simpleserial.c **** 
 405:.././simpleserial/simpleserial.c **** 		ascii_buf[i] = c;
 406:.././simpleserial/simpleserial.c **** 	}
 407:.././simpleserial/simpleserial.c **** 
 408:.././simpleserial/simpleserial.c **** 	// Assert that last character is \n or \r
 409:.././simpleserial/simpleserial.c **** 	c = getch();
 410:.././simpleserial/simpleserial.c **** 	if(c != '\n' && c != '\r')
 411:.././simpleserial/simpleserial.c **** 		return;
 412:.././simpleserial/simpleserial.c **** 
 413:.././simpleserial/simpleserial.c **** 	// ASCII buffer is full: convert to bytes
 414:.././simpleserial/simpleserial.c **** 	// Check for illegal characters here
 415:.././simpleserial/simpleserial.c **** 	if(hex_decode(commands[cmd].len, ascii_buf, data_buf))
 416:.././simpleserial/simpleserial.c **** 		return;
 417:.././simpleserial/simpleserial.c **** 
 418:.././simpleserial/simpleserial.c **** 	// Callback
 419:.././simpleserial/simpleserial.c **** 	uint8_t ret[1];
 420:.././simpleserial/simpleserial.c **** 	ret[0] = commands[cmd].fp(data_buf, commands[cmd].len);
 421:.././simpleserial/simpleserial.c **** 
 422:.././simpleserial/simpleserial.c **** 	// Acknowledge (if version is 1.1)
 423:.././simpleserial/simpleserial.c **** #if SS_VER == SS_VER_1_1
 424:.././simpleserial/simpleserial.c **** 	simpleserial_put('z', 1, ret);
 425:.././simpleserial/simpleserial.c **** #endif
 426:.././simpleserial/simpleserial.c **** }
 427:.././simpleserial/simpleserial.c **** 
 428:.././simpleserial/simpleserial.c **** void simpleserial_put(char c, uint8_t size, uint8_t* output)
  52              		.loc 1 428 6 is_stmt 1 view -0
  53              		.cfi_startproc
  54              		@ args = 0, pretend = 0, frame = 0
  55              		@ frame_needed = 0, uses_anonymous_args = 0
  56              		.loc 1 428 6 is_stmt 0 view .LVU5
  57 0000 F8B5     		push	{r3, r4, r5, r6, r7, lr}
  58              	.LCFI0:
  59              		.cfi_def_cfa_offset 24
  60              		.cfi_offset 3, -24
  61              		.cfi_offset 4, -20
  62              		.cfi_offset 5, -16
  63              		.cfi_offset 6, -12
  64              		.cfi_offset 7, -8
  65              		.cfi_offset 14, -4
  66              		.loc 1 428 6 view .LVU6
  67 0002 0D00     		movs	r5, r1
 429:.././simpleserial/simpleserial.c **** {
 430:.././simpleserial/simpleserial.c **** 	// Write first character
 431:.././simpleserial/simpleserial.c ****     if (!output) return;
 432:.././simpleserial/simpleserial.c **** 	putch(c);
  68              		.loc 1 432 2 is_stmt 1 view .LVU7
 428:.././simpleserial/simpleserial.c **** {
  69              		.loc 1 428 6 is_stmt 0 view .LVU8
  70 0004 1400     		movs	r4, r2
  71              	.LBB12:
 433:.././simpleserial/simpleserial.c **** 
 434:.././simpleserial/simpleserial.c **** 	// Write each byte as two nibbles
 435:.././simpleserial/simpleserial.c **** 	for(int i = 0; i < size; i++)
 436:.././simpleserial/simpleserial.c **** 	{
 437:.././simpleserial/simpleserial.c **** 		putch(hex_lookup[output[i] >> 4 ]);
 438:.././simpleserial/simpleserial.c **** 		putch(hex_lookup[output[i] & 0xF]);
  72              		.loc 1 438 30 view .LVU9
  73 0006 0F27     		movs	r7, #15
  74              	.LBE12:
 432:.././simpleserial/simpleserial.c **** 
  75              		.loc 1 432 2 view .LVU10
  76 0008 FFF7FEFF 		bl	putch
  77              	.LVL3:
 435:.././simpleserial/simpleserial.c **** 	{
  78              		.loc 1 435 2 is_stmt 1 view .LVU11
  79              	.LBB13:
 435:.././simpleserial/simpleserial.c **** 	{
  80              		.loc 1 435 6 view .LVU12
 435:.././simpleserial/simpleserial.c **** 	{
  81              		.loc 1 435 6 is_stmt 0 view .LVU13
  82 000c 6519     		adds	r5, r4, r5
  83              	.LVL4:
  84              	.L3:
 435:.././simpleserial/simpleserial.c **** 	{
  85              		.loc 1 435 19 is_stmt 1 discriminator 1 view .LVU14
  86 000e AC42     		cmp	r4, r5
  87 0010 03D1     		bne	.L4
  88              	.LBE13:
 439:.././simpleserial/simpleserial.c **** 	}
 440:.././simpleserial/simpleserial.c **** 
 441:.././simpleserial/simpleserial.c **** 	// Write trailing '\n'
 442:.././simpleserial/simpleserial.c **** 	putch('\n');
  89              		.loc 1 442 2 view .LVU15
 443:.././simpleserial/simpleserial.c **** }
  90              		.loc 1 443 1 is_stmt 0 view .LVU16
  91              		@ sp needed
 442:.././simpleserial/simpleserial.c **** }
  92              		.loc 1 442 2 view .LVU17
  93 0012 0A20     		movs	r0, #10
  94 0014 FFF7FEFF 		bl	putch
  95              	.LVL5:
  96              	.LVL6:
  97              		.loc 1 443 1 view .LVU18
  98 0018 F8BD     		pop	{r3, r4, r5, r6, r7, pc}
  99              	.LVL7:
 100              	.L4:
 101              	.LBB14:
 437:.././simpleserial/simpleserial.c **** 		putch(hex_lookup[output[i] & 0xF]);
 102              		.loc 1 437 3 is_stmt 1 view .LVU19
 437:.././simpleserial/simpleserial.c **** 		putch(hex_lookup[output[i] & 0xF]);
 103              		.loc 1 437 30 is_stmt 0 view .LVU20
 104 001a 2378     		ldrb	r3, [r4]
 437:.././simpleserial/simpleserial.c **** 		putch(hex_lookup[output[i] & 0xF]);
 105              		.loc 1 437 3 view .LVU21
 106 001c 054E     		ldr	r6, .L5
 437:.././simpleserial/simpleserial.c **** 		putch(hex_lookup[output[i] & 0xF]);
 107              		.loc 1 437 30 view .LVU22
 108 001e 1B09     		lsrs	r3, r3, #4
 437:.././simpleserial/simpleserial.c **** 		putch(hex_lookup[output[i] & 0xF]);
 109              		.loc 1 437 3 view .LVU23
 110 0020 F05C     		ldrb	r0, [r6, r3]
 111 0022 FFF7FEFF 		bl	putch
 112              	.LVL8:
 438:.././simpleserial/simpleserial.c **** 	}
 113              		.loc 1 438 3 is_stmt 1 view .LVU24
 438:.././simpleserial/simpleserial.c **** 	}
 114              		.loc 1 438 30 is_stmt 0 view .LVU25
 115 0026 2378     		ldrb	r3, [r4]
 116 0028 0134     		adds	r4, r4, #1
 117              	.LVL9:
 438:.././simpleserial/simpleserial.c **** 	}
 118              		.loc 1 438 30 view .LVU26
 119 002a 3B40     		ands	r3, r7
 438:.././simpleserial/simpleserial.c **** 	}
 120              		.loc 1 438 3 view .LVU27
 121 002c F05C     		ldrb	r0, [r6, r3]
 122 002e FFF7FEFF 		bl	putch
 123              	.LVL10:
 435:.././simpleserial/simpleserial.c **** 	{
 124              		.loc 1 435 28 is_stmt 1 discriminator 3 view .LVU28
 435:.././simpleserial/simpleserial.c **** 	{
 125              		.loc 1 435 28 is_stmt 0 discriminator 3 view .LVU29
 126 0032 ECE7     		b	.L3
 127              	.L6:
 128              		.align	2
 129              	.L5:
 130 0034 00000000 		.word	.LANCHOR0
 131              	.LBE14:
 132              		.cfi_endproc
 133              	.LFE10:
 135              		.section	.text.ss_num_commands,"ax",%progbits
 136              		.align	1
 137              		.global	ss_num_commands
 138              		.syntax unified
 139              		.code	16
 140              		.thumb_func
 142              	ss_num_commands:
 143              	.LVL11:
 144              	.LFB2:
 271:.././simpleserial/simpleserial.c ****     uint8_t ncmds = num_commands & 0xFF;
 145              		.loc 1 271 1 is_stmt 1 view -0
 146              		.cfi_startproc
 147              		@ args = 0, pretend = 0, frame = 8
 148              		@ frame_needed = 0, uses_anonymous_args = 0
 272:.././simpleserial/simpleserial.c ****     simpleserial_put('r', 0x01, &ncmds);
 149              		.loc 1 272 5 view .LVU31
 271:.././simpleserial/simpleserial.c ****     uint8_t ncmds = num_commands & 0xFF;
 150              		.loc 1 271 1 is_stmt 0 view .LVU32
 151 0000 07B5     		push	{r0, r1, r2, lr}
 152              	.LCFI1:
 153              		.cfi_def_cfa_offset 16
 154              		.cfi_offset 0, -16
 155              		.cfi_offset 1, -12
 156              		.cfi_offset 2, -8
 157              		.cfi_offset 14, -4
 272:.././simpleserial/simpleserial.c ****     simpleserial_put('r', 0x01, &ncmds);
 158              		.loc 1 272 13 view .LVU33
 159 0002 6B46     		mov	r3, sp
 275:.././simpleserial/simpleserial.c **** 
 160              		.loc 1 275 1 view .LVU34
 161              		@ sp needed
 272:.././simpleserial/simpleserial.c ****     simpleserial_put('r', 0x01, &ncmds);
 162              		.loc 1 272 13 view .LVU35
 163 0004 DA1D     		adds	r2, r3, #7
 164 0006 044B     		ldr	r3, .L8
 165              	.LBB15:
 166              	.LBB16:
 167 0008 7220     		movs	r0, #114
 168              	.LVL12:
 272:.././simpleserial/simpleserial.c ****     simpleserial_put('r', 0x01, &ncmds);
 169              		.loc 1 272 13 view .LVU36
 170              	.LBE16:
 171              	.LBE15:
 172 000a 1B68     		ldr	r3, [r3]
 173              	.LBB19:
 174              	.LBB17:
 175 000c 0121     		movs	r1, #1
 176              	.LVL13:
 272:.././simpleserial/simpleserial.c ****     simpleserial_put('r', 0x01, &ncmds);
 177              		.loc 1 272 13 view .LVU37
 178              	.LBE17:
 179              	.LBE19:
 180 000e 1370     		strb	r3, [r2]
 273:.././simpleserial/simpleserial.c ****     return 0x00;
 181              		.loc 1 273 5 is_stmt 1 view .LVU38
 182              	.LVL14:
 183              	.LBB20:
 184              	.LBI15:
 428:.././simpleserial/simpleserial.c **** {
 185              		.loc 1 428 6 view .LVU39
 186              	.LBB18:
 431:.././simpleserial/simpleserial.c **** 	putch(c);
 187              		.loc 1 431 5 view .LVU40
 188 0010 FFF7FEFF 		bl	simpleserial_put.part.0
 189              	.LVL15:
 431:.././simpleserial/simpleserial.c **** 	putch(c);
 190              		.loc 1 431 5 is_stmt 0 view .LVU41
 191              	.LBE18:
 192              	.LBE20:
 274:.././simpleserial/simpleserial.c **** }
 193              		.loc 1 274 5 is_stmt 1 view .LVU42
 275:.././simpleserial/simpleserial.c **** 
 194              		.loc 1 275 1 is_stmt 0 view .LVU43
 195 0014 0020     		movs	r0, #0
 196 0016 0EBD     		pop	{r1, r2, r3, pc}
 197              	.L9:
 198              		.align	2
 199              	.L8:
 200 0018 00000000 		.word	.LANCHOR1
 201              		.cfi_endproc
 202              	.LFE2:
 204              		.section	.text.ss_get_commands,"ax",%progbits
 205              		.align	1
 206              		.global	ss_get_commands
 207              		.syntax unified
 208              		.code	16
 209              		.thumb_func
 211              	ss_get_commands:
 212              	.LVL16:
 213              	.LFB3:
 284:.././simpleserial/simpleserial.c ****     ss_cmd_repr repr_cmd_buf[MAX_SS_CMDS];
 214              		.loc 1 284 1 is_stmt 1 view -0
 215              		.cfi_startproc
 216              		@ args = 0, pretend = 0, frame = 96
 217              		@ frame_needed = 0, uses_anonymous_args = 0
 285:.././simpleserial/simpleserial.c ****     for (uint8_t i = 0; i < (num_commands & 0xFF); i++) {
 218              		.loc 1 285 5 view .LVU45
 286:.././simpleserial/simpleserial.c ****         repr_cmd_buf[i].c = commands[i].c;
 219              		.loc 1 286 5 view .LVU46
 220              	.LBB21:
 286:.././simpleserial/simpleserial.c ****         repr_cmd_buf[i].c = commands[i].c;
 221              		.loc 1 286 10 view .LVU47
 286:.././simpleserial/simpleserial.c ****         repr_cmd_buf[i].c = commands[i].c;
 222              		.loc 1 286 10 is_stmt 0 view .LVU48
 223 0000 0322     		movs	r2, #3
 286:.././simpleserial/simpleserial.c ****         repr_cmd_buf[i].c = commands[i].c;
 224              		.loc 1 286 43 discriminator 1 view .LVU49
 225 0002 114B     		ldr	r3, .L13
 226 0004 9446     		mov	ip, r2
 227 0006 1868     		ldr	r0, [r3]
 228              	.LVL17:
 286:.././simpleserial/simpleserial.c ****         repr_cmd_buf[i].c = commands[i].c;
 229              		.loc 1 286 18 view .LVU50
 230 0008 0023     		movs	r3, #0
 231              	.LBE21:
 284:.././simpleserial/simpleserial.c ****     ss_cmd_repr repr_cmd_buf[MAX_SS_CMDS];
 232              		.loc 1 284 1 view .LVU51
 233 000a F0B5     		push	{r4, r5, r6, r7, lr}
 234              	.LCFI2:
 235              		.cfi_def_cfa_offset 20
 236              		.cfi_offset 4, -20
 237              		.cfi_offset 5, -16
 238              		.cfi_offset 6, -12
 239              		.cfi_offset 7, -8
 240              		.cfi_offset 14, -4
 241              	.LBB22:
 287:.././simpleserial/simpleserial.c ****         repr_cmd_buf[i].len = commands[i].len;
 242              		.loc 1 287 40 view .LVU52
 243 000c 0F4C     		ldr	r4, .L13+4
 244              	.LBE22:
 284:.././simpleserial/simpleserial.c ****     ss_cmd_repr repr_cmd_buf[MAX_SS_CMDS];
 245              		.loc 1 284 1 view .LVU53
 246 000e 99B0     		sub	sp, sp, #100
 247              	.LCFI3:
 248              		.cfi_def_cfa_offset 120
 249              	.LBB23:
 286:.././simpleserial/simpleserial.c ****         repr_cmd_buf[i].c = commands[i].c;
 250              		.loc 1 286 43 discriminator 1 view .LVU54
 251 0010 C6B2     		uxtb	r6, r0
 252              	.LVL18:
 253              	.L11:
 286:.././simpleserial/simpleserial.c ****         repr_cmd_buf[i].c = commands[i].c;
 254              		.loc 1 286 27 is_stmt 1 discriminator 1 view .LVU55
 255 0012 B342     		cmp	r3, r6
 256 0014 09DB     		blt	.L12
 257              	.LBE23:
 292:.././simpleserial/simpleserial.c ****     return 0x00;
 258              		.loc 1 292 5 view .LVU56
 259              	.LVL19:
 260              	.LBB24:
 261              	.LBI24:
 428:.././simpleserial/simpleserial.c **** {
 262              		.loc 1 428 6 view .LVU57
 263              	.LBB25:
 431:.././simpleserial/simpleserial.c **** 	putch(c);
 264              		.loc 1 431 5 view .LVU58
 265              	.LBE25:
 266              	.LBE24:
 292:.././simpleserial/simpleserial.c ****     return 0x00;
 267              		.loc 1 292 5 is_stmt 0 view .LVU59
 268 0016 6146     		mov	r1, ip
 269 0018 4143     		muls	r1, r0
 270              	.LBB27:
 271              	.LBB26:
 272 001a 6A46     		mov	r2, sp
 273 001c 7220     		movs	r0, #114
 274              	.LVL20:
 292:.././simpleserial/simpleserial.c ****     return 0x00;
 275              		.loc 1 292 5 view .LVU60
 276 001e C9B2     		uxtb	r1, r1
 277 0020 FFF7FEFF 		bl	simpleserial_put.part.0
 278              	.LVL21:
 292:.././simpleserial/simpleserial.c ****     return 0x00;
 279              		.loc 1 292 5 view .LVU61
 280              	.LBE26:
 281              	.LBE27:
 293:.././simpleserial/simpleserial.c **** }
 282              		.loc 1 293 5 is_stmt 1 view .LVU62
 294:.././simpleserial/simpleserial.c **** 
 283              		.loc 1 294 1 is_stmt 0 view .LVU63
 284 0024 0020     		movs	r0, #0
 285 0026 19B0     		add	sp, sp, #100
 286              		@ sp needed
 287 0028 F0BD     		pop	{r4, r5, r6, r7, pc}
 288              	.LVL22:
 289              	.L12:
 290              	.LBB28:
 287:.././simpleserial/simpleserial.c ****         repr_cmd_buf[i].len = commands[i].len;
 291              		.loc 1 287 9 is_stmt 1 view .LVU64
 287:.././simpleserial/simpleserial.c ****         repr_cmd_buf[i].len = commands[i].len;
 292              		.loc 1 287 27 is_stmt 0 view .LVU65
 293 002a 6546     		mov	r5, ip
 294 002c 6946     		mov	r1, sp
 295 002e 5D43     		muls	r5, r3
 287:.././simpleserial/simpleserial.c ****         repr_cmd_buf[i].len = commands[i].len;
 296              		.loc 1 287 40 view .LVU66
 297 0030 1A01     		lsls	r2, r3, #4
 287:.././simpleserial/simpleserial.c ****         repr_cmd_buf[i].len = commands[i].len;
 298              		.loc 1 287 27 view .LVU67
 299 0032 175D     		ldrb	r7, [r2, r4]
 288:.././simpleserial/simpleserial.c ****         repr_cmd_buf[i].flags = commands[i].flags;
 300              		.loc 1 288 42 view .LVU68
 301 0034 A218     		adds	r2, r4, r2
 287:.././simpleserial/simpleserial.c ****         repr_cmd_buf[i].len = commands[i].len;
 302              		.loc 1 287 27 view .LVU69
 303 0036 4F55     		strb	r7, [r1, r5]
 288:.././simpleserial/simpleserial.c ****         repr_cmd_buf[i].flags = commands[i].flags;
 304              		.loc 1 288 9 is_stmt 1 view .LVU70
 288:.././simpleserial/simpleserial.c ****         repr_cmd_buf[i].flags = commands[i].flags;
 305              		.loc 1 288 29 is_stmt 0 view .LVU71
 306 0038 5768     		ldr	r7, [r2, #4]
 289:.././simpleserial/simpleserial.c ****     }
 307              		.loc 1 289 31 view .LVU72
 308 003a 127B     		ldrb	r2, [r2, #12]
 288:.././simpleserial/simpleserial.c ****         repr_cmd_buf[i].flags = commands[i].flags;
 309              		.loc 1 288 29 view .LVU73
 310 003c 6D44     		add	r5, r5, sp
 286:.././simpleserial/simpleserial.c ****         repr_cmd_buf[i].c = commands[i].c;
 311              		.loc 1 286 53 discriminator 3 view .LVU74
 312 003e 0133     		adds	r3, r3, #1
 313              	.LVL23:
 288:.././simpleserial/simpleserial.c ****         repr_cmd_buf[i].flags = commands[i].flags;
 314              		.loc 1 288 29 view .LVU75
 315 0040 6F70     		strb	r7, [r5, #1]
 289:.././simpleserial/simpleserial.c ****     }
 316              		.loc 1 289 9 is_stmt 1 view .LVU76
 289:.././simpleserial/simpleserial.c ****     }
 317              		.loc 1 289 31 is_stmt 0 view .LVU77
 318 0042 AA70     		strb	r2, [r5, #2]
 286:.././simpleserial/simpleserial.c ****         repr_cmd_buf[i].c = commands[i].c;
 319              		.loc 1 286 53 is_stmt 1 discriminator 3 view .LVU78
 320 0044 DBB2     		uxtb	r3, r3
 321              	.LVL24:
 286:.././simpleserial/simpleserial.c ****         repr_cmd_buf[i].c = commands[i].c;
 322              		.loc 1 286 53 is_stmt 0 discriminator 3 view .LVU79
 323 0046 E4E7     		b	.L11
 324              	.L14:
 325              		.align	2
 326              	.L13:
 327 0048 00000000 		.word	.LANCHOR1
 328 004c 04000000 		.word	commands
 329              	.LBE28:
 330              		.cfi_endproc
 331              	.LFE3:
 333              		.section	.text.ss_crc,"ax",%progbits
 334              		.align	1
 335              		.global	ss_crc
 336              		.syntax unified
 337              		.code	16
 338              		.thumb_func
 340              	ss_crc:
 341              	.LVL25:
 342              	.LFB0:
  20:.././simpleserial/simpleserial.c **** 	unsigned int k = 0;
 343              		.loc 1 20 1 is_stmt 1 view -0
 344              		.cfi_startproc
 345              		@ args = 0, pretend = 0, frame = 0
 346              		@ frame_needed = 0, uses_anonymous_args = 0
  21:.././simpleserial/simpleserial.c **** 	uint8_t crc = 0x00;
 347              		.loc 1 21 2 view .LVU81
  22:.././simpleserial/simpleserial.c **** 	while (len--) {
 348              		.loc 1 22 2 view .LVU82
  23:.././simpleserial/simpleserial.c **** 		crc ^= *buf++;
 349              		.loc 1 23 2 view .LVU83
 350 0000 0300     		movs	r3, r0
  20:.././simpleserial/simpleserial.c **** 	unsigned int k = 0;
 351              		.loc 1 20 1 is_stmt 0 view .LVU84
 352 0002 30B5     		push	{r4, r5, lr}
 353              	.LCFI4:
 354              		.cfi_def_cfa_offset 12
 355              		.cfi_offset 4, -12
 356              		.cfi_offset 5, -8
 357              		.cfi_offset 14, -4
 358 0004 4118     		adds	r1, r0, r1
 359              	.LVL26:
  26:.././simpleserial/simpleserial.c **** 		}
 360              		.loc 1 26 34 discriminator 1 view .LVU85
 361 0006 4D25     		movs	r5, #77
  22:.././simpleserial/simpleserial.c **** 	while (len--) {
 362              		.loc 1 22 10 view .LVU86
 363 0008 0020     		movs	r0, #0
 364              	.LVL27:
 365              	.L16:
  23:.././simpleserial/simpleserial.c **** 		crc ^= *buf++;
 366              		.loc 1 23 9 is_stmt 1 view .LVU87
  23:.././simpleserial/simpleserial.c **** 		crc ^= *buf++;
 367              		.loc 1 23 9 is_stmt 0 view .LVU88
 368 000a 8B42     		cmp	r3, r1
 369 000c 00D1     		bne	.L20
  29:.././simpleserial/simpleserial.c **** 
 370              		.loc 1 29 2 is_stmt 1 view .LVU89
  31:.././simpleserial/simpleserial.c **** 
 371              		.loc 1 31 1 is_stmt 0 view .LVU90
 372              		@ sp needed
 373 000e 30BD     		pop	{r4, r5, pc}
 374              	.L20:
  24:.././simpleserial/simpleserial.c **** 		for (k = 0; k < 8; k++) {
 375              		.loc 1 24 3 is_stmt 1 view .LVU91
 376              	.LVL28:
  24:.././simpleserial/simpleserial.c **** 		for (k = 0; k < 8; k++) {
 377              		.loc 1 24 7 is_stmt 0 view .LVU92
 378 0010 0824     		movs	r4, #8
 379 0012 1A78     		ldrb	r2, [r3]
 380 0014 5040     		eors	r0, r2
 381              	.LVL29:
  25:.././simpleserial/simpleserial.c **** 			crc = crc & 0x80 ? (crc << 1) ^ CW_CRC: crc << 1;
 382              		.loc 1 25 3 is_stmt 1 view .LVU93
  25:.././simpleserial/simpleserial.c **** 			crc = crc & 0x80 ? (crc << 1) ^ CW_CRC: crc << 1;
 383              		.loc 1 25 17 discriminator 1 view .LVU94
 384              	.L19:
  26:.././simpleserial/simpleserial.c **** 		}
 385              		.loc 1 26 4 view .LVU95
  26:.././simpleserial/simpleserial.c **** 		}
 386              		.loc 1 26 21 is_stmt 0 view .LVU96
 387 0016 42B2     		sxtb	r2, r0
  26:.././simpleserial/simpleserial.c **** 		}
 388              		.loc 1 26 8 discriminator 2 view .LVU97
 389 0018 4000     		lsls	r0, r0, #1
 390              	.LVL30:
  26:.././simpleserial/simpleserial.c **** 		}
 391              		.loc 1 26 8 discriminator 2 view .LVU98
 392 001a C0B2     		uxtb	r0, r0
  26:.././simpleserial/simpleserial.c **** 		}
 393              		.loc 1 26 8 view .LVU99
 394 001c 002A     		cmp	r2, #0
 395 001e 02DA     		bge	.L18
  26:.././simpleserial/simpleserial.c **** 		}
 396              		.loc 1 26 34 discriminator 1 view .LVU100
 397 0020 5200     		lsls	r2, r2, #1
 398              	.LVL31:
  26:.././simpleserial/simpleserial.c **** 		}
 399              		.loc 1 26 34 discriminator 1 view .LVU101
 400 0022 6A40     		eors	r2, r5
  26:.././simpleserial/simpleserial.c **** 		}
 401              		.loc 1 26 8 discriminator 1 view .LVU102
 402 0024 D0B2     		uxtb	r0, r2
 403              	.L18:
 404              	.LVL32:
  25:.././simpleserial/simpleserial.c **** 			crc = crc & 0x80 ? (crc << 1) ^ CW_CRC: crc << 1;
 405              		.loc 1 25 23 is_stmt 1 discriminator 2 view .LVU103
  25:.././simpleserial/simpleserial.c **** 			crc = crc & 0x80 ? (crc << 1) ^ CW_CRC: crc << 1;
 406              		.loc 1 25 17 discriminator 1 view .LVU104
 407 0026 013C     		subs	r4, r4, #1
 408              	.LVL33:
  25:.././simpleserial/simpleserial.c **** 			crc = crc & 0x80 ? (crc << 1) ^ CW_CRC: crc << 1;
 409              		.loc 1 25 17 is_stmt 0 discriminator 1 view .LVU105
 410 0028 002C     		cmp	r4, #0
 411 002a F4D1     		bne	.L19
 412 002c 0133     		adds	r3, r3, #1
 413              	.LVL34:
  25:.././simpleserial/simpleserial.c **** 			crc = crc & 0x80 ? (crc << 1) ^ CW_CRC: crc << 1;
 414              		.loc 1 25 17 discriminator 1 view .LVU106
 415 002e ECE7     		b	.L16
 416              		.cfi_endproc
 417              	.LFE0:
 419              		.section	.text.hex_decode,"ax",%progbits
 420              		.align	1
 421              		.global	hex_decode
 422              		.syntax unified
 423              		.code	16
 424              		.thumb_func
 426              	hex_decode:
 427              	.LVL35:
 428              	.LFB4:
 303:.././simpleserial/simpleserial.c **** 	for(int i = 0; i < len; i++)
 429              		.loc 1 303 1 is_stmt 1 view -0
 430              		.cfi_startproc
 431              		@ args = 0, pretend = 0, frame = 0
 432              		@ frame_needed = 0, uses_anonymous_args = 0
 304:.././simpleserial/simpleserial.c **** 	{
 433              		.loc 1 304 2 view .LVU108
 434              	.LBB29:
 304:.././simpleserial/simpleserial.c **** 	{
 435              		.loc 1 304 6 view .LVU109
 304:.././simpleserial/simpleserial.c **** 	{
 436              		.loc 1 304 6 is_stmt 0 view .LVU110
 437              	.LBE29:
 303:.././simpleserial/simpleserial.c **** 	for(int i = 0; i < len; i++)
 438              		.loc 1 303 1 view .LVU111
 439 0000 70B5     		push	{r4, r5, r6, lr}
 440              	.LCFI5:
 441              		.cfi_def_cfa_offset 16
 442              		.cfi_offset 4, -16
 443              		.cfi_offset 5, -12
 444              		.cfi_offset 6, -8
 445              		.cfi_offset 14, -4
 446              	.LBB33:
 304:.././simpleserial/simpleserial.c **** 	{
 447              		.loc 1 304 2 view .LVU112
 448 0002 1400     		movs	r4, r2
 449              	.LVL36:
 450              	.L23:
 304:.././simpleserial/simpleserial.c **** 	{
 451              		.loc 1 304 19 is_stmt 1 discriminator 1 view .LVU113
 452 0004 A31A     		subs	r3, r4, r2
 453 0006 9842     		cmp	r0, r3
 454 0008 01DC     		bgt	.L33
 455              	.LBE33:
 328:.././simpleserial/simpleserial.c **** }
 456              		.loc 1 328 9 is_stmt 0 view .LVU114
 457 000a 0020     		movs	r0, #0
 458              	.LVL37:
 328:.././simpleserial/simpleserial.c **** }
 459              		.loc 1 328 9 view .LVU115
 460 000c 1FE0     		b	.L22
 461              	.LVL38:
 462              	.L33:
 463              	.LBB34:
 464              	.LBB30:
 306:.././simpleserial/simpleserial.c **** 		char n_lo = ascii_buf[2*i+1];
 465              		.loc 1 306 3 is_stmt 1 view .LVU116
 307:.././simpleserial/simpleserial.c **** 
 466              		.loc 1 307 8 is_stmt 0 view .LVU117
 467 000e 4D78     		ldrb	r5, [r1, #1]
 306:.././simpleserial/simpleserial.c **** 		char n_lo = ascii_buf[2*i+1];
 468              		.loc 1 306 8 view .LVU118
 469 0010 0B78     		ldrb	r3, [r1]
 470              	.LVL39:
 307:.././simpleserial/simpleserial.c **** 
 471              		.loc 1 307 3 is_stmt 1 view .LVU119
 309:.././simpleserial/simpleserial.c **** 			data_buf[i] = n_lo - '0';
 472              		.loc 1 309 3 view .LVU120
 309:.././simpleserial/simpleserial.c **** 			data_buf[i] = n_lo - '0';
 473              		.loc 1 309 18 is_stmt 0 view .LVU121
 474 0012 2E00     		movs	r6, r5
 475 0014 303E     		subs	r6, r6, #48
 476 0016 F6B2     		uxtb	r6, r6
 309:.././simpleserial/simpleserial.c **** 			data_buf[i] = n_lo - '0';
 477              		.loc 1 309 5 view .LVU122
 478 0018 092E     		cmp	r6, #9
 479 001a 0CD8     		bhi	.L24
 310:.././simpleserial/simpleserial.c **** 		else if(n_lo >= 'A' && n_lo <= 'F')
 480              		.loc 1 310 4 is_stmt 1 view .LVU123
 310:.././simpleserial/simpleserial.c **** 		else if(n_lo >= 'A' && n_lo <= 'F')
 481              		.loc 1 310 16 is_stmt 0 view .LVU124
 482 001c 2670     		strb	r6, [r4]
 483              	.LVL40:
 484              	.L25:
 318:.././simpleserial/simpleserial.c **** 			data_buf[i] |= (n_hi - '0') << 4;
 485              		.loc 1 318 3 is_stmt 1 view .LVU125
 318:.././simpleserial/simpleserial.c **** 			data_buf[i] |= (n_hi - '0') << 4;
 486              		.loc 1 318 18 is_stmt 0 view .LVU126
 487 001e 1D00     		movs	r5, r3
 488 0020 303D     		subs	r5, r5, #48
 489 0022 EDB2     		uxtb	r5, r5
 318:.././simpleserial/simpleserial.c **** 			data_buf[i] |= (n_hi - '0') << 4;
 490              		.loc 1 318 5 view .LVU127
 491 0024 092D     		cmp	r5, #9
 492 0026 15D8     		bhi	.L29
 319:.././simpleserial/simpleserial.c **** 		else if(n_hi >= 'A' && n_hi <= 'F')
 493              		.loc 1 319 4 is_stmt 1 view .LVU128
 319:.././simpleserial/simpleserial.c **** 		else if(n_hi >= 'A' && n_hi <= 'F')
 494              		.loc 1 319 16 is_stmt 0 view .LVU129
 495 0028 2378     		ldrb	r3, [r4]
 496              	.LVL41:
 319:.././simpleserial/simpleserial.c **** 		else if(n_hi >= 'A' && n_hi <= 'F')
 497              		.loc 1 319 16 view .LVU130
 498 002a 2D01     		lsls	r5, r5, #4
 499              	.L35:
 323:.././simpleserial/simpleserial.c **** 		else
 500              		.loc 1 323 16 view .LVU131
 501 002c 2B43     		orrs	r3, r5
 502 002e 2370     		strb	r3, [r4]
 503              	.LBE30:
 304:.././simpleserial/simpleserial.c **** 	{
 504              		.loc 1 304 27 is_stmt 1 discriminator 2 view .LVU132
 505              	.LVL42:
 304:.././simpleserial/simpleserial.c **** 	{
 506              		.loc 1 304 27 is_stmt 0 discriminator 2 view .LVU133
 507 0030 0231     		adds	r1, r1, #2
 508 0032 0134     		adds	r4, r4, #1
 509              	.LVL43:
 304:.././simpleserial/simpleserial.c **** 	{
 510              		.loc 1 304 27 discriminator 2 view .LVU134
 511 0034 E6E7     		b	.L23
 512              	.LVL44:
 513              	.L24:
 514              	.LBB31:
 311:.././simpleserial/simpleserial.c **** 			data_buf[i] = n_lo - 'A' + 10;
 515              		.loc 1 311 8 is_stmt 1 view .LVU135
 311:.././simpleserial/simpleserial.c **** 			data_buf[i] = n_lo - 'A' + 10;
 516              		.loc 1 311 10 is_stmt 0 view .LVU136
 517 0036 2E00     		movs	r6, r5
 518 0038 413E     		subs	r6, r6, #65
 519 003a 052E     		cmp	r6, #5
 520 003c 02D8     		bhi	.L26
 312:.././simpleserial/simpleserial.c **** 		else if(n_lo >= 'a' && n_lo <= 'f')
 521              		.loc 1 312 4 is_stmt 1 view .LVU137
 312:.././simpleserial/simpleserial.c **** 		else if(n_lo >= 'a' && n_lo <= 'f')
 522              		.loc 1 312 29 is_stmt 0 view .LVU138
 523 003e 373D     		subs	r5, r5, #55
 524              	.LVL45:
 525              	.L34:
 314:.././simpleserial/simpleserial.c **** 		else
 526              		.loc 1 314 16 view .LVU139
 527 0040 2570     		strb	r5, [r4]
 528              	.LVL46:
 314:.././simpleserial/simpleserial.c **** 		else
 529              		.loc 1 314 16 view .LVU140
 530 0042 ECE7     		b	.L25
 531              	.LVL47:
 532              	.L26:
 313:.././simpleserial/simpleserial.c **** 			data_buf[i] = n_lo - 'a' + 10;
 533              		.loc 1 313 8 is_stmt 1 view .LVU141
 313:.././simpleserial/simpleserial.c **** 			data_buf[i] = n_lo - 'a' + 10;
 534              		.loc 1 313 10 is_stmt 0 view .LVU142
 535 0044 2E00     		movs	r6, r5
 536 0046 613E     		subs	r6, r6, #97
 537 0048 052E     		cmp	r6, #5
 538 004a 01D9     		bls	.L27
 539              	.LVL48:
 540              	.L32:
 316:.././simpleserial/simpleserial.c **** 
 541              		.loc 1 316 11 view .LVU143
 542 004c 0120     		movs	r0, #1
 543              	.LVL49:
 544              	.L22:
 316:.././simpleserial/simpleserial.c **** 
 545              		.loc 1 316 11 view .LVU144
 546              	.LBE31:
 547              	.LBE34:
 329:.././simpleserial/simpleserial.c **** 
 548              		.loc 1 329 1 view .LVU145
 549              		@ sp needed
 550              	.LVL50:
 329:.././simpleserial/simpleserial.c **** 
 551              		.loc 1 329 1 view .LVU146
 552 004e 70BD     		pop	{r4, r5, r6, pc}
 553              	.LVL51:
 554              	.L27:
 555              	.LBB35:
 556              	.LBB32:
 314:.././simpleserial/simpleserial.c **** 		else
 557              		.loc 1 314 4 is_stmt 1 view .LVU147
 314:.././simpleserial/simpleserial.c **** 		else
 558              		.loc 1 314 29 is_stmt 0 view .LVU148
 559 0050 573D     		subs	r5, r5, #87
 560              	.LVL52:
 314:.././simpleserial/simpleserial.c **** 		else
 561              		.loc 1 314 29 view .LVU149
 562 0052 F5E7     		b	.L34
 563              	.LVL53:
 564              	.L29:
 320:.././simpleserial/simpleserial.c **** 			data_buf[i] |= (n_hi - 'A' + 10) << 4;
 565              		.loc 1 320 8 is_stmt 1 view .LVU150
 320:.././simpleserial/simpleserial.c **** 			data_buf[i] |= (n_hi - 'A' + 10) << 4;
 566              		.loc 1 320 10 is_stmt 0 view .LVU151
 567 0054 1D00     		movs	r5, r3
 568 0056 413D     		subs	r5, r5, #65
 569 0058 052D     		cmp	r5, #5
 570 005a 03D8     		bhi	.L31
 321:.././simpleserial/simpleserial.c **** 		else if(n_hi >= 'a' && n_hi <= 'f')
 571              		.loc 1 321 4 is_stmt 1 view .LVU152
 321:.././simpleserial/simpleserial.c **** 		else if(n_hi >= 'a' && n_hi <= 'f')
 572              		.loc 1 321 16 is_stmt 0 view .LVU153
 573 005c 373B     		subs	r3, r3, #55
 574              	.LVL54:
 575              	.L36:
 323:.././simpleserial/simpleserial.c **** 		else
 576              		.loc 1 323 16 view .LVU154
 577 005e 2578     		ldrb	r5, [r4]
 578 0060 1B01     		lsls	r3, r3, #4
 579 0062 E3E7     		b	.L35
 580              	.LVL55:
 581              	.L31:
 322:.././simpleserial/simpleserial.c **** 			data_buf[i] |= (n_hi - 'a' + 10) << 4;
 582              		.loc 1 322 8 is_stmt 1 view .LVU155
 322:.././simpleserial/simpleserial.c **** 			data_buf[i] |= (n_hi - 'a' + 10) << 4;
 583              		.loc 1 322 10 is_stmt 0 view .LVU156
 584 0064 1D00     		movs	r5, r3
 585 0066 613D     		subs	r5, r5, #97
 586 0068 052D     		cmp	r5, #5
 587 006a EFD8     		bhi	.L32
 323:.././simpleserial/simpleserial.c **** 		else
 588              		.loc 1 323 4 is_stmt 1 view .LVU157
 323:.././simpleserial/simpleserial.c **** 		else
 589              		.loc 1 323 16 is_stmt 0 view .LVU158
 590 006c 573B     		subs	r3, r3, #87
 591              	.LVL56:
 323:.././simpleserial/simpleserial.c **** 		else
 592              		.loc 1 323 16 view .LVU159
 593 006e F6E7     		b	.L36
 594              	.LBE32:
 595              	.LBE35:
 596              		.cfi_endproc
 597              	.LFE4:
 599              		.section	.text.simpleserial_addcmd_flags,"ax",%progbits
 600              		.align	1
 601              		.global	simpleserial_addcmd_flags
 602              		.syntax unified
 603              		.code	16
 604              		.thumb_func
 606              	simpleserial_addcmd_flags:
 607              	.LVL57:
 608              	.LFB7:
 348:.././simpleserial/simpleserial.c **** 	if(num_commands >= MAX_SS_CMDS)
 609              		.loc 1 348 1 is_stmt 1 view -0
 610              		.cfi_startproc
 611              		@ args = 0, pretend = 0, frame = 0
 612              		@ frame_needed = 0, uses_anonymous_args = 0
 349:.././simpleserial/simpleserial.c **** 		return 1;
 613              		.loc 1 349 2 view .LVU161
 348:.././simpleserial/simpleserial.c **** 	if(num_commands >= MAX_SS_CMDS)
 614              		.loc 1 348 1 is_stmt 0 view .LVU162
 615 0000 F0B5     		push	{r4, r5, r6, r7, lr}
 616              	.LCFI6:
 617              		.cfi_def_cfa_offset 20
 618              		.cfi_offset 4, -20
 619              		.cfi_offset 5, -16
 620              		.cfi_offset 6, -12
 621              		.cfi_offset 7, -8
 622              		.cfi_offset 14, -4
 349:.././simpleserial/simpleserial.c **** 		return 1;
 623              		.loc 1 349 18 view .LVU163
 624 0002 094F     		ldr	r7, .L41
 348:.././simpleserial/simpleserial.c **** 	if(num_commands >= MAX_SS_CMDS)
 625              		.loc 1 348 1 view .LVU164
 626 0004 0600     		movs	r6, r0
 349:.././simpleserial/simpleserial.c **** 		return 1;
 627              		.loc 1 349 18 view .LVU165
 628 0006 3D68     		ldr	r5, [r7]
 350:.././simpleserial/simpleserial.c **** 
 629              		.loc 1 350 10 view .LVU166
 630 0008 0120     		movs	r0, #1
 631              	.LVL58:
 349:.././simpleserial/simpleserial.c **** 		return 1;
 632              		.loc 1 349 4 view .LVU167
 633 000a 1F2D     		cmp	r5, #31
 634 000c 0BDC     		bgt	.L37
 352:.././simpleserial/simpleserial.c **** 		return 1;
 635              		.loc 1 352 2 is_stmt 1 view .LVU168
 352:.././simpleserial/simpleserial.c **** 		return 1;
 636              		.loc 1 352 4 is_stmt 0 view .LVU169
 637 000e 3F29     		cmp	r1, #63
 638 0010 09D8     		bhi	.L37
 355:.././simpleserial/simpleserial.c **** 	commands[num_commands].len = len;
 639              		.loc 1 355 2 is_stmt 1 view .LVU170
 355:.././simpleserial/simpleserial.c **** 	commands[num_commands].len = len;
 640              		.loc 1 355 29 is_stmt 0 view .LVU171
 641 0012 064C     		ldr	r4, .L41+4
 642 0014 2801     		lsls	r0, r5, #4
 643 0016 0655     		strb	r6, [r0, r4]
 356:.././simpleserial/simpleserial.c **** 	commands[num_commands].fp  = fp;
 644              		.loc 1 356 2 is_stmt 1 view .LVU172
 356:.././simpleserial/simpleserial.c **** 	commands[num_commands].fp  = fp;
 645              		.loc 1 356 29 is_stmt 0 view .LVU173
 646 0018 2018     		adds	r0, r4, r0
 647 001a 4160     		str	r1, [r0, #4]
 357:.././simpleserial/simpleserial.c **** 	commands[num_commands].flags = fl;
 648              		.loc 1 357 2 is_stmt 1 view .LVU174
 357:.././simpleserial/simpleserial.c **** 	commands[num_commands].flags = fl;
 649              		.loc 1 357 29 is_stmt 0 view .LVU175
 650 001c 8260     		str	r2, [r0, #8]
 358:.././simpleserial/simpleserial.c **** 	num_commands++;
 651              		.loc 1 358 2 is_stmt 1 view .LVU176
 358:.././simpleserial/simpleserial.c **** 	num_commands++;
 652              		.loc 1 358 31 is_stmt 0 view .LVU177
 653 001e 0373     		strb	r3, [r0, #12]
 359:.././simpleserial/simpleserial.c **** 
 654              		.loc 1 359 2 is_stmt 1 view .LVU178
 361:.././simpleserial/simpleserial.c **** }
 655              		.loc 1 361 9 is_stmt 0 view .LVU179
 656 0020 0020     		movs	r0, #0
 359:.././simpleserial/simpleserial.c **** 
 657              		.loc 1 359 14 view .LVU180
 658 0022 0135     		adds	r5, r5, #1
 659 0024 3D60     		str	r5, [r7]
 361:.././simpleserial/simpleserial.c **** }
 660              		.loc 1 361 2 is_stmt 1 view .LVU181
 661              	.L37:
 362:.././simpleserial/simpleserial.c **** 
 662              		.loc 1 362 1 is_stmt 0 view .LVU182
 663              		@ sp needed
 664              	.LVL59:
 362:.././simpleserial/simpleserial.c **** 
 665              		.loc 1 362 1 view .LVU183
 666 0026 F0BD     		pop	{r4, r5, r6, r7, pc}
 667              	.L42:
 668              		.align	2
 669              	.L41:
 670 0028 00000000 		.word	.LANCHOR1
 671 002c 04000000 		.word	commands
 672              		.cfi_endproc
 673              	.LFE7:
 675              		.section	.text.simpleserial_addcmd,"ax",%progbits
 676              		.align	1
 677              		.global	simpleserial_addcmd
 678              		.syntax unified
 679              		.code	16
 680              		.thumb_func
 682              	simpleserial_addcmd:
 683              	.LVL60:
 684              	.LFB6:
 343:.././simpleserial/simpleserial.c **** 	return simpleserial_addcmd_flags(c, len, fp, CMD_FLAG_NONE);
 685              		.loc 1 343 1 is_stmt 1 view -0
 686              		.cfi_startproc
 687              		@ args = 0, pretend = 0, frame = 0
 688              		@ frame_needed = 0, uses_anonymous_args = 0
 344:.././simpleserial/simpleserial.c **** }
 689              		.loc 1 344 2 view .LVU185
 343:.././simpleserial/simpleserial.c **** 	return simpleserial_addcmd_flags(c, len, fp, CMD_FLAG_NONE);
 690              		.loc 1 343 1 is_stmt 0 view .LVU186
 691 0000 10B5     		push	{r4, lr}
 692              	.LCFI7:
 693              		.cfi_def_cfa_offset 8
 694              		.cfi_offset 4, -8
 695              		.cfi_offset 14, -4
 344:.././simpleserial/simpleserial.c **** }
 696              		.loc 1 344 9 view .LVU187
 697 0002 0023     		movs	r3, #0
 345:.././simpleserial/simpleserial.c **** 
 698              		.loc 1 345 1 view .LVU188
 699              		@ sp needed
 344:.././simpleserial/simpleserial.c **** }
 700              		.loc 1 344 9 view .LVU189
 701 0004 FFF7FEFF 		bl	simpleserial_addcmd_flags
 702              	.LVL61:
 345:.././simpleserial/simpleserial.c **** 
 703              		.loc 1 345 1 view .LVU190
 704 0008 10BD     		pop	{r4, pc}
 705              		.cfi_endproc
 706              	.LFE6:
 708              		.section	.text.simpleserial_init,"ax",%progbits
 709              		.align	1
 710              		.global	simpleserial_init
 711              		.syntax unified
 712              		.code	16
 713              		.thumb_func
 715              	simpleserial_init:
 716              	.LFB5:
 336:.././simpleserial/simpleserial.c **** 	simpleserial_addcmd('v', 0, check_version);
 717              		.loc 1 336 1 is_stmt 1 view -0
 718              		.cfi_startproc
 719              		@ args = 0, pretend = 0, frame = 0
 720              		@ frame_needed = 0, uses_anonymous_args = 0
 337:.././simpleserial/simpleserial.c ****     simpleserial_addcmd('w', 0, ss_get_commands);
 721              		.loc 1 337 2 view .LVU192
 336:.././simpleserial/simpleserial.c **** 	simpleserial_addcmd('v', 0, check_version);
 722              		.loc 1 336 1 is_stmt 0 view .LVU193
 723 0000 10B5     		push	{r4, lr}
 724              	.LCFI8:
 725              		.cfi_def_cfa_offset 8
 726              		.cfi_offset 4, -8
 727              		.cfi_offset 14, -4
 337:.././simpleserial/simpleserial.c ****     simpleserial_addcmd('w', 0, ss_get_commands);
 728              		.loc 1 337 2 view .LVU194
 729 0002 0021     		movs	r1, #0
 340:.././simpleserial/simpleserial.c **** 
 730              		.loc 1 340 1 view .LVU195
 731              		@ sp needed
 337:.././simpleserial/simpleserial.c ****     simpleserial_addcmd('w', 0, ss_get_commands);
 732              		.loc 1 337 2 view .LVU196
 733 0004 074A     		ldr	r2, .L45
 734 0006 7620     		movs	r0, #118
 735 0008 FFF7FEFF 		bl	simpleserial_addcmd
 736              	.LVL62:
 338:.././simpleserial/simpleserial.c ****     simpleserial_addcmd('y', 0, ss_num_commands);
 737              		.loc 1 338 5 is_stmt 1 view .LVU197
 738 000c 0021     		movs	r1, #0
 739 000e 064A     		ldr	r2, .L45+4
 740 0010 7720     		movs	r0, #119
 741 0012 FFF7FEFF 		bl	simpleserial_addcmd
 742              	.LVL63:
 339:.././simpleserial/simpleserial.c **** }
 743              		.loc 1 339 5 view .LVU198
 744 0016 0021     		movs	r1, #0
 745 0018 7920     		movs	r0, #121
 746 001a 044A     		ldr	r2, .L45+8
 747 001c FFF7FEFF 		bl	simpleserial_addcmd
 748              	.LVL64:
 340:.././simpleserial/simpleserial.c **** 
 749              		.loc 1 340 1 is_stmt 0 view .LVU199
 750 0020 10BD     		pop	{r4, pc}
 751              	.L46:
 752 0022 C046     		.align	2
 753              	.L45:
 754 0024 00000000 		.word	check_version
 755 0028 00000000 		.word	ss_get_commands
 756 002c 00000000 		.word	ss_num_commands
 757              		.cfi_endproc
 758              	.LFE5:
 760              		.section	.text.simpleserial_get,"ax",%progbits
 761              		.align	1
 762              		.global	simpleserial_get
 763              		.syntax unified
 764              		.code	16
 765              		.thumb_func
 767              	simpleserial_get:
 768              	.LFB8:
 365:.././simpleserial/simpleserial.c **** 	char ascii_buf[2*MAX_SS_LEN];
 769              		.loc 1 365 1 is_stmt 1 view -0
 770              		.cfi_startproc
 771              		@ args = 0, pretend = 0, frame = 200
 772              		@ frame_needed = 0, uses_anonymous_args = 0
 366:.././simpleserial/simpleserial.c **** 	uint8_t data_buf[MAX_SS_LEN];
 773              		.loc 1 366 2 view .LVU201
 367:.././simpleserial/simpleserial.c **** 	char c;
 774              		.loc 1 367 2 view .LVU202
 368:.././simpleserial/simpleserial.c **** 
 775              		.loc 1 368 2 view .LVU203
 371:.././simpleserial/simpleserial.c **** 
 776              		.loc 1 371 2 view .LVU204
 365:.././simpleserial/simpleserial.c **** 	char ascii_buf[2*MAX_SS_LEN];
 777              		.loc 1 365 1 is_stmt 0 view .LVU205
 778 0000 F0B5     		push	{r4, r5, r6, r7, lr}
 779              	.LCFI9:
 780              		.cfi_def_cfa_offset 20
 781              		.cfi_offset 4, -20
 782              		.cfi_offset 5, -16
 783              		.cfi_offset 6, -12
 784              		.cfi_offset 7, -8
 785              		.cfi_offset 14, -4
 374:.././simpleserial/simpleserial.c **** 	{
 786              		.loc 1 374 10 view .LVU206
 787 0002 0025     		movs	r5, #0
 365:.././simpleserial/simpleserial.c **** 	char ascii_buf[2*MAX_SS_LEN];
 788              		.loc 1 365 1 view .LVU207
 789 0004 B3B0     		sub	sp, sp, #204
 790              	.LCFI10:
 791              		.cfi_def_cfa_offset 224
 371:.././simpleserial/simpleserial.c **** 
 792              		.loc 1 371 6 view .LVU208
 793 0006 FFF7FEFF 		bl	getch
 794              	.LVL65:
 373:.././simpleserial/simpleserial.c **** 	for(cmd = 0; cmd < num_commands; cmd++)
 795              		.loc 1 373 2 is_stmt 1 view .LVU209
 374:.././simpleserial/simpleserial.c **** 	{
 796              		.loc 1 374 2 view .LVU210
 374:.././simpleserial/simpleserial.c **** 	{
 797              		.loc 1 374 19 is_stmt 0 discriminator 1 view .LVU211
 798 000a 2B4B     		ldr	r3, .L71
 376:.././simpleserial/simpleserial.c **** 			break;
 799              		.loc 1 376 19 view .LVU212
 800 000c 2B49     		ldr	r1, .L71+4
 374:.././simpleserial/simpleserial.c **** 	{
 801              		.loc 1 374 19 discriminator 1 view .LVU213
 802 000e 1A68     		ldr	r2, [r3]
 803              	.LVL66:
 804              	.L48:
 374:.././simpleserial/simpleserial.c **** 	{
 805              		.loc 1 374 19 is_stmt 1 discriminator 1 view .LVU214
 806 0010 AA42     		cmp	r2, r5
 807 0012 41DC     		bgt	.L50
 381:.././simpleserial/simpleserial.c **** 		return;
 808              		.loc 1 381 2 view .LVU215
 381:.././simpleserial/simpleserial.c **** 		return;
 809              		.loc 1 381 4 is_stmt 0 view .LVU216
 810 0014 3ED0     		beq	.L47
 811              	.L49:
 385:.././simpleserial/simpleserial.c **** 	{
 812              		.loc 1 385 2 is_stmt 1 view .LVU217
 385:.././simpleserial/simpleserial.c **** 	{
 813              		.loc 1 385 5 is_stmt 0 view .LVU218
 814 0016 0127     		movs	r7, #1
 385:.././simpleserial/simpleserial.c **** 	{
 815              		.loc 1 385 20 view .LVU219
 816 0018 284C     		ldr	r4, .L71+4
 817 001a 2D01     		lsls	r5, r5, #4
 818              	.LVL67:
 385:.././simpleserial/simpleserial.c **** 	{
 819              		.loc 1 385 20 view .LVU220
 820 001c 6619     		adds	r6, r4, r5
 385:.././simpleserial/simpleserial.c **** 	{
 821              		.loc 1 385 5 view .LVU221
 822 001e 337B     		ldrb	r3, [r6, #12]
 823 0020 3B42     		tst	r3, r7
 824 0022 18D0     		beq	.L52
 825              	.LBB36:
 387:.././simpleserial/simpleserial.c **** 		char buff[2];
 826              		.loc 1 387 3 is_stmt 1 view .LVU222
 387:.././simpleserial/simpleserial.c **** 		char buff[2];
 827              		.loc 1 387 11 is_stmt 0 view .LVU223
 828 0024 0023     		movs	r3, #0
 829 0026 6A46     		mov	r2, sp
 830 0028 1372     		strb	r3, [r2, #8]
 388:.././simpleserial/simpleserial.c **** 		buff[0] = getch();
 831              		.loc 1 388 3 is_stmt 1 view .LVU224
 389:.././simpleserial/simpleserial.c **** 		buff[1] = getch();
 832              		.loc 1 389 3 view .LVU225
 389:.././simpleserial/simpleserial.c **** 		buff[1] = getch();
 833              		.loc 1 389 13 is_stmt 0 view .LVU226
 834 002a FFF7FEFF 		bl	getch
 835              	.LVL68:
 389:.././simpleserial/simpleserial.c **** 		buff[1] = getch();
 836              		.loc 1 389 11 discriminator 1 view .LVU227
 837 002e 4822     		movs	r2, #72
 838 0030 6B46     		mov	r3, sp
 839 0032 9B18     		adds	r3, r3, r2
 840 0034 1870     		strb	r0, [r3]
 390:.././simpleserial/simpleserial.c **** 		if (hex_decode(1, buff, &l))
 841              		.loc 1 390 3 is_stmt 1 view .LVU228
 390:.././simpleserial/simpleserial.c **** 		if (hex_decode(1, buff, &l))
 842              		.loc 1 390 13 is_stmt 0 view .LVU229
 843 0036 FFF7FEFF 		bl	getch
 844              	.LVL69:
 390:.././simpleserial/simpleserial.c **** 		if (hex_decode(1, buff, &l))
 845              		.loc 1 390 11 discriminator 1 view .LVU230
 846 003a 4922     		movs	r2, #73
 847 003c 6B46     		mov	r3, sp
 848 003e 9B18     		adds	r3, r3, r2
 849 0040 1870     		strb	r0, [r3]
 391:.././simpleserial/simpleserial.c **** 			return;
 850              		.loc 1 391 3 is_stmt 1 view .LVU231
 391:.././simpleserial/simpleserial.c **** 			return;
 851              		.loc 1 391 7 is_stmt 0 view .LVU232
 852 0042 02AA     		add	r2, sp, #8
 853 0044 3800     		movs	r0, r7
 854 0046 12A9     		add	r1, sp, #72
 855 0048 FFF7FEFF 		bl	hex_decode
 856              	.LVL70:
 391:.././simpleserial/simpleserial.c **** 			return;
 857              		.loc 1 391 6 discriminator 1 view .LVU233
 858 004c 0028     		cmp	r0, #0
 859 004e 21D1     		bne	.L47
 393:.././simpleserial/simpleserial.c **** 	}
 860              		.loc 1 393 3 is_stmt 1 view .LVU234
 393:.././simpleserial/simpleserial.c **** 	}
 861              		.loc 1 393 21 is_stmt 0 view .LVU235
 862 0050 6B46     		mov	r3, sp
 863 0052 1B7A     		ldrb	r3, [r3, #8]
 864 0054 7360     		str	r3, [r6, #4]
 865              	.L52:
 866              	.LBE36:
 374:.././simpleserial/simpleserial.c **** 	{
 867              		.loc 1 374 10 view .LVU236
 868 0056 0026     		movs	r6, #0
 869              	.LVL71:
 870              	.L55:
 871              	.LBB37:
 397:.././simpleserial/simpleserial.c **** 	{
 872              		.loc 1 397 19 is_stmt 1 discriminator 1 view .LVU237
 397:.././simpleserial/simpleserial.c **** 	{
 873              		.loc 1 397 36 is_stmt 0 discriminator 1 view .LVU238
 874 0058 6319     		adds	r3, r4, r5
 397:.././simpleserial/simpleserial.c **** 	{
 875              		.loc 1 397 22 discriminator 1 view .LVU239
 876 005a 5B68     		ldr	r3, [r3, #4]
 877 005c 5B00     		lsls	r3, r3, #1
 397:.././simpleserial/simpleserial.c **** 	{
 878              		.loc 1 397 19 discriminator 1 view .LVU240
 879 005e B342     		cmp	r3, r6
 880 0060 20D8     		bhi	.L56
 881              	.LBE37:
 409:.././simpleserial/simpleserial.c **** 	if(c != '\n' && c != '\r')
 882              		.loc 1 409 2 is_stmt 1 view .LVU241
 409:.././simpleserial/simpleserial.c **** 	if(c != '\n' && c != '\r')
 883              		.loc 1 409 6 is_stmt 0 view .LVU242
 884 0062 FFF7FEFF 		bl	getch
 885              	.LVL72:
 410:.././simpleserial/simpleserial.c **** 		return;
 886              		.loc 1 410 2 is_stmt 1 view .LVU243
 410:.././simpleserial/simpleserial.c **** 		return;
 887              		.loc 1 410 4 is_stmt 0 view .LVU244
 888 0066 0A28     		cmp	r0, #10
 889 0068 01D0     		beq	.L57
 410:.././simpleserial/simpleserial.c **** 		return;
 890              		.loc 1 410 15 discriminator 1 view .LVU245
 891 006a 0D28     		cmp	r0, #13
 892 006c 12D1     		bne	.L47
 893              	.L57:
 415:.././simpleserial/simpleserial.c **** 		return;
 894              		.loc 1 415 2 is_stmt 1 view .LVU246
 415:.././simpleserial/simpleserial.c **** 		return;
 895              		.loc 1 415 29 is_stmt 0 view .LVU247
 896 006e 6419     		adds	r4, r4, r5
 897 0070 6568     		ldr	r5, [r4, #4]
 415:.././simpleserial/simpleserial.c **** 		return;
 898              		.loc 1 415 5 view .LVU248
 899 0072 02AA     		add	r2, sp, #8
 900 0074 2800     		movs	r0, r5
 901              	.LVL73:
 415:.././simpleserial/simpleserial.c **** 		return;
 902              		.loc 1 415 5 view .LVU249
 903 0076 12A9     		add	r1, sp, #72
 904 0078 FFF7FEFF 		bl	hex_decode
 905              	.LVL74:
 415:.././simpleserial/simpleserial.c **** 		return;
 906              		.loc 1 415 4 discriminator 1 view .LVU250
 907 007c 0028     		cmp	r0, #0
 908 007e 09D1     		bne	.L47
 419:.././simpleserial/simpleserial.c **** 	ret[0] = commands[cmd].fp(data_buf, commands[cmd].len);
 909              		.loc 1 419 2 is_stmt 1 view .LVU251
 420:.././simpleserial/simpleserial.c **** 
 910              		.loc 1 420 2 view .LVU252
 420:.././simpleserial/simpleserial.c **** 
 911              		.loc 1 420 11 is_stmt 0 view .LVU253
 912 0080 E9B2     		uxtb	r1, r5
 913 0082 A368     		ldr	r3, [r4, #8]
 914 0084 02A8     		add	r0, sp, #8
 915 0086 9847     		blx	r3
 916              	.LVL75:
 420:.././simpleserial/simpleserial.c **** 
 917              		.loc 1 420 9 discriminator 1 view .LVU254
 918 0088 01AA     		add	r2, sp, #4
 919 008a 1070     		strb	r0, [r2]
 424:.././simpleserial/simpleserial.c **** #endif
 920              		.loc 1 424 2 is_stmt 1 view .LVU255
 921              	.LVL76:
 922              	.LBB38:
 923              	.LBI38:
 428:.././simpleserial/simpleserial.c **** {
 924              		.loc 1 428 6 view .LVU256
 925              	.LBB39:
 431:.././simpleserial/simpleserial.c **** 	putch(c);
 926              		.loc 1 431 5 view .LVU257
 927 008c 0121     		movs	r1, #1
 928 008e 7A20     		movs	r0, #122
 929 0090 FFF7FEFF 		bl	simpleserial_put.part.0
 930              	.LVL77:
 931              	.L47:
 431:.././simpleserial/simpleserial.c **** 	putch(c);
 932              		.loc 1 431 5 is_stmt 0 view .LVU258
 933              	.LBE39:
 934              	.LBE38:
 426:.././simpleserial/simpleserial.c **** 
 935              		.loc 1 426 1 view .LVU259
 936 0094 33B0     		add	sp, sp, #204
 937              		@ sp needed
 938 0096 F0BD     		pop	{r4, r5, r6, r7, pc}
 939              	.LVL78:
 940              	.L50:
 376:.././simpleserial/simpleserial.c **** 			break;
 941              		.loc 1 376 3 is_stmt 1 view .LVU260
 376:.././simpleserial/simpleserial.c **** 			break;
 942              		.loc 1 376 19 is_stmt 0 view .LVU261
 943 0098 2C01     		lsls	r4, r5, #4
 376:.././simpleserial/simpleserial.c **** 			break;
 944              		.loc 1 376 5 view .LVU262
 945 009a 0C5D     		ldrb	r4, [r1, r4]
 946 009c 8442     		cmp	r4, r0
 947 009e BAD0     		beq	.L49
 374:.././simpleserial/simpleserial.c **** 	{
 948              		.loc 1 374 38 is_stmt 1 discriminator 2 view .LVU263
 949 00a0 0135     		adds	r5, r5, #1
 950              	.LVL79:
 374:.././simpleserial/simpleserial.c **** 	{
 951              		.loc 1 374 38 is_stmt 0 discriminator 2 view .LVU264
 952 00a2 B5E7     		b	.L48
 953              	.LVL80:
 954              	.L56:
 955              	.LBB40:
 399:.././simpleserial/simpleserial.c **** 
 956              		.loc 1 399 3 is_stmt 1 view .LVU265
 399:.././simpleserial/simpleserial.c **** 
 957              		.loc 1 399 7 is_stmt 0 view .LVU266
 958 00a4 FFF7FEFF 		bl	getch
 959              	.LVL81:
 402:.././simpleserial/simpleserial.c **** 			return;
 960              		.loc 1 402 3 is_stmt 1 view .LVU267
 402:.././simpleserial/simpleserial.c **** 			return;
 961              		.loc 1 402 5 is_stmt 0 view .LVU268
 962 00a8 0A28     		cmp	r0, #10
 963 00aa F3D0     		beq	.L47
 402:.././simpleserial/simpleserial.c **** 			return;
 964              		.loc 1 402 16 discriminator 1 view .LVU269
 965 00ac 0D28     		cmp	r0, #13
 966 00ae F1D0     		beq	.L47
 405:.././simpleserial/simpleserial.c **** 	}
 967              		.loc 1 405 3 is_stmt 1 view .LVU270
 405:.././simpleserial/simpleserial.c **** 	}
 968              		.loc 1 405 16 is_stmt 0 view .LVU271
 969 00b0 12AB     		add	r3, sp, #72
 970 00b2 F054     		strb	r0, [r6, r3]
 397:.././simpleserial/simpleserial.c **** 	{
 971              		.loc 1 397 43 is_stmt 1 discriminator 2 view .LVU272
 972 00b4 0136     		adds	r6, r6, #1
 973              	.LVL82:
 397:.././simpleserial/simpleserial.c **** 	{
 974              		.loc 1 397 43 is_stmt 0 discriminator 2 view .LVU273
 975 00b6 CFE7     		b	.L55
 976              	.L72:
 977              		.align	2
 978              	.L71:
 979 00b8 00000000 		.word	.LANCHOR1
 980 00bc 04000000 		.word	commands
 981              	.LBE40:
 982              		.cfi_endproc
 983              	.LFE8:
 985              		.section	.text.simpleserial_put,"ax",%progbits
 986              		.align	1
 987              		.global	simpleserial_put
 988              		.syntax unified
 989              		.code	16
 990              		.thumb_func
 992              	simpleserial_put:
 993              	.LVL83:
 994              	.LFB9:
 429:.././simpleserial/simpleserial.c **** 	// Write first character
 995              		.loc 1 429 1 is_stmt 1 view -0
 996              		.cfi_startproc
 997              		@ args = 0, pretend = 0, frame = 0
 998              		@ frame_needed = 0, uses_anonymous_args = 0
 431:.././simpleserial/simpleserial.c **** 	putch(c);
 999              		.loc 1 431 5 view .LVU275
 429:.././simpleserial/simpleserial.c **** 	// Write first character
 1000              		.loc 1 429 1 is_stmt 0 view .LVU276
 1001 0000 10B5     		push	{r4, lr}
 1002              	.LCFI11:
 1003              		.cfi_def_cfa_offset 8
 1004              		.cfi_offset 4, -8
 1005              		.cfi_offset 14, -4
 431:.././simpleserial/simpleserial.c **** 	putch(c);
 1006              		.loc 1 431 8 view .LVU277
 1007 0002 002A     		cmp	r2, #0
 1008 0004 01D0     		beq	.L73
 1009 0006 FFF7FEFF 		bl	simpleserial_put.part.0
 1010              	.LVL84:
 1011              	.L73:
 1012              		.loc 1 443 1 view .LVU278
 1013              		@ sp needed
 1014 000a 10BD     		pop	{r4, pc}
 1015              		.cfi_endproc
 1016              	.LFE9:
 1018              		.section	.rodata
 1019              		.set	.LANCHOR0,. + 0
 1022              	hex_lookup:
 1023 0000 30313233 		.ascii	"0123456789ABCDEF"
 1023      34353637 
 1023      38394142 
 1023      43444546 
 1024              		.bss
 1025              		.align	2
 1026              		.set	.LANCHOR1,. + 0
 1029              	num_commands:
 1030 0000 00000000 		.space	4
 1033              	commands:
 1034 0004 00000000 		.space	512
 1034      00000000 
 1034      00000000 
 1034      00000000 
 1034      00000000 
 1035              		.text
 1036              	.Letext0:
 1037              		.file 2 "/usr/lib/gcc/arm-none-eabi/13.2.1/include/stdint.h"
 1038              		.file 3 ".././hal/stm32f0/stm32f0_hal.h"
DEFINED SYMBOLS
                            *ABS*:00000000 simpleserial.c
     /tmp/ccc1yyOL.s:19     .text.check_version:00000000 $t
     /tmp/ccc1yyOL.s:25     .text.check_version:00000000 check_version
     /tmp/ccc1yyOL.s:44     .text.simpleserial_put.part.0:00000000 $t
     /tmp/ccc1yyOL.s:49     .text.simpleserial_put.part.0:00000000 simpleserial_put.part.0
     /tmp/ccc1yyOL.s:130    .text.simpleserial_put.part.0:00000034 $d
     /tmp/ccc1yyOL.s:136    .text.ss_num_commands:00000000 $t
     /tmp/ccc1yyOL.s:142    .text.ss_num_commands:00000000 ss_num_commands
     /tmp/ccc1yyOL.s:200    .text.ss_num_commands:00000018 $d
     /tmp/ccc1yyOL.s:205    .text.ss_get_commands:00000000 $t
     /tmp/ccc1yyOL.s:211    .text.ss_get_commands:00000000 ss_get_commands
     /tmp/ccc1yyOL.s:327    .text.ss_get_commands:00000048 $d
     /tmp/ccc1yyOL.s:1033   .bss:00000004 commands
     /tmp/ccc1yyOL.s:334    .text.ss_crc:00000000 $t
     /tmp/ccc1yyOL.s:340    .text.ss_crc:00000000 ss_crc
     /tmp/ccc1yyOL.s:420    .text.hex_decode:00000000 $t
     /tmp/ccc1yyOL.s:426    .text.hex_decode:00000000 hex_decode
     /tmp/ccc1yyOL.s:600    .text.simpleserial_addcmd_flags:00000000 $t
     /tmp/ccc1yyOL.s:606    .text.simpleserial_addcmd_flags:00000000 simpleserial_addcmd_flags
     /tmp/ccc1yyOL.s:670    .text.simpleserial_addcmd_flags:00000028 $d
     /tmp/ccc1yyOL.s:676    .text.simpleserial_addcmd:00000000 $t
     /tmp/ccc1yyOL.s:682    .text.simpleserial_addcmd:00000000 simpleserial_addcmd
     /tmp/ccc1yyOL.s:709    .text.simpleserial_init:00000000 $t
     /tmp/ccc1yyOL.s:715    .text.simpleserial_init:00000000 simpleserial_init
     /tmp/ccc1yyOL.s:754    .text.simpleserial_init:00000024 $d
     /tmp/ccc1yyOL.s:761    .text.simpleserial_get:00000000 $t
     /tmp/ccc1yyOL.s:767    .text.simpleserial_get:00000000 simpleserial_get
     /tmp/ccc1yyOL.s:979    .text.simpleserial_get:000000b8 $d
     /tmp/ccc1yyOL.s:986    .text.simpleserial_put:00000000 $t
     /tmp/ccc1yyOL.s:992    .text.simpleserial_put:00000000 simpleserial_put
     /tmp/ccc1yyOL.s:1022   .rodata:00000000 hex_lookup
     /tmp/ccc1yyOL.s:1025   .bss:00000000 $d
     /tmp/ccc1yyOL.s:1029   .bss:00000000 num_commands

UNDEFINED SYMBOLS
putch
getch
